Copyright 1986-2022 Xilinx, Inc. All Rights Reserved. Copyright 2022-2025 Advanced Micro Devices, Inc. All Rights Reserved.
---------------------------------------------------------------------------------------------------------------------------------------------
| Tool Version : Vivado v.2025.2 (win64) Build 6299465 Fri Nov 14 19:35:11 GMT 2025
| Date         : Wed Aug 26 20:49:17 2026
| Host         : NAV running 64-bit major release  (build 9200)
| Command      : report_utilization -file mhsa_wrapper_utilization_placed.rpt -pb mhsa_wrapper_utilization_placed.pb
| Design       : mhsa_wrapper
| Device       : xczu7ev-ffvc1156-2-e
| Speed File   : -2
| Design State : Fully Placed
---------------------------------------------------------------------------------------------------------------------------------------------

Utilization Design Information

Table of Contents
-----------------
1. CLB Logic
1.1 Summary of Registers by Type
2. CLB Logic Distribution
3. BLOCKRAM
4. ARITHMETIC
5. I/O
6. CLOCK
7. ADVANCED
8. CONFIGURATION
9. Primitives
10. Black Boxes
11. Instantiated Netlists

1. CLB Logic
------------

+----------------------------+-------+-------+------------+-----------+-------+
|          Site Type         |  Used | Fixed | Prohibited | Available | Util% |
+----------------------------+-------+-------+------------+-----------+-------+
| CLB LUTs                   | 25191 |     0 |          0 |    230400 | 10.93 |
|   LUT as Logic             | 22549 |     0 |          0 |    230400 |  9.79 |
|   LUT as Memory            |  2642 |     0 |          0 |    101760 |  2.60 |
|     LUT as Distributed RAM |   706 |     0 |            |           |       |
|     LUT as Shift Register  |  1936 |     0 |            |           |       |
| CLB Registers              | 18590 |     0 |          0 |    460800 |  4.03 |
|   Register as Flip Flop    | 18590 |     0 |          0 |    460800 |  4.03 |
|   Register as Latch        |     0 |     0 |          0 |    460800 |  0.00 |
| CARRY8                     |  1391 |     0 |          0 |     28800 |  4.83 |
| F7 Muxes                   |    74 |     0 |          0 |    115200 |  0.06 |
| F8 Muxes                   |    35 |     0 |          0 |     57600 |  0.06 |
| F9 Muxes                   |     0 |     0 |          0 |     28800 |  0.00 |
| Unique Control Sets        |   570 |       |          0 |     57600 |  0.99 |
+----------------------------+-------+-------+------------+-----------+-------+
* Warning! LUT value is adjusted to account for LUT combining.
** Note: Available Control Sets calculated as Slices * 2, Review the Control Sets Report for more information regarding control sets.


1.1 Summary of Registers by Type
--------------------------------

+-------+--------------+-------------+--------------+
| Total | Clock Enable | Synchronous | Asynchronous |
+-------+--------------+-------------+--------------+
| 0     |            _ |           - |            - |
| 0     |            _ |           - |          Set |
| 0     |            _ |           - |        Reset |
| 0     |            _ |         Set |            - |
| 0     |            _ |       Reset |            - |
| 0     |          Yes |           - |            - |
| 0     |          Yes |           - |          Set |
| 111   |          Yes |           - |        Reset |
| 1595  |          Yes |         Set |            - |
| 16884 |          Yes |       Reset |            - |
+-------+--------------+-------------+--------------+


2. CLB Logic Distribution
-------------------------

+--------------------------------------------+-------+-------+------------+-----------+-------+
|                  Site Type                 |  Used | Fixed | Prohibited | Available | Util% |
+--------------------------------------------+-------+-------+------------+-----------+-------+
| CLB                                        |  4869 |     0 |          0 |     28800 | 16.91 |
|   CLBL                                     |  2263 |     0 |            |           |       |
|   CLBM                                     |  2606 |     0 |            |           |       |
| LUT as Logic                               | 22549 |     0 |          0 |    230400 |  9.79 |
|   using O5 output only                     |   240 |       |            |           |       |
|   using O6 output only                     | 17388 |       |            |           |       |
|   using O5 and O6                          |  4921 |       |            |           |       |
| LUT as Memory                              |  2642 |     0 |          0 |    101760 |  2.60 |
|   LUT as Distributed RAM                   |   706 |     0 |            |           |       |
|     using O5 output only                   |     0 |       |            |           |       |
|     using O6 output only                   |     6 |       |            |           |       |
|     using O5 and O6                        |   700 |       |            |           |       |
|   LUT as Shift Register                    |  1936 |     0 |            |           |       |
|     using O5 output only                   |     0 |       |            |           |       |
|     using O6 output only                   |  1535 |       |            |           |       |
|     using O5 and O6                        |   401 |       |            |           |       |
| CLB Registers                              | 18590 |     0 |          0 |    460800 |  4.03 |
|   Register driven from within the CLB      | 10580 |       |            |           |       |
|   Register driven from outside the CLB     |  8010 |       |            |           |       |
|     LUT in front of the register is unused |  6115 |       |            |           |       |
|     LUT in front of the register is used   |  1895 |       |            |           |       |
+--------------------------------------------+-------+-------+------------+-----------+-------+


3. BLOCKRAM
-----------

+-------------------+------+-------+------------+-----------+-------+
|     Site Type     | Used | Fixed | Prohibited | Available | Util% |
+-------------------+------+-------+------------+-----------+-------+
| Block RAM Tile    | 17.5 |     0 |          0 |       312 |  5.61 |
|   RAMB36/FIFO*    |   16 |     0 |          0 |       312 |  5.13 |
|     RAMB36E2 only |   16 |       |            |           |       |
|   RAMB18          |    3 |     0 |          0 |       624 |  0.48 |
|     RAMB18E2 only |    3 |       |            |           |       |
| URAM              |   32 |     0 |          0 |        96 | 33.33 |
+-------------------+------+-------+------------+-----------+-------+
* Note: Each Block RAM Tile only has one FIFO logic available and therefore can accommodate only one FIFO36E2 or one FIFO18E2. However, if a FIFO18E2 occupies a Block RAM Tile, that tile can still accommodate a RAMB18E2


4. ARITHMETIC
-------------

+----------------+------+-------+------------+-----------+-------+
|    Site Type   | Used | Fixed | Prohibited | Available | Util% |
+----------------+------+-------+------------+-----------+-------+
| DSPs           |  525 |     0 |          0 |      1728 | 30.38 |
|   DSP48E2 only |  525 |       |            |           |       |
+----------------+------+-------+------------+-----------+-------+


5. I/O
------

+------------------+------+-------+------------+-----------+-------+
|     Site Type    | Used | Fixed | Prohibited | Available | Util% |
+------------------+------+-------+------------+-----------+-------+
| Bonded IOB       |    0 |     0 |          0 |       360 |  0.00 |
|   HPIOB_M        |    0 |     0 |          0 |       144 |  0.00 |
|   HPIOB_S        |    0 |     0 |          0 |       144 |  0.00 |
|   HDIOB_M        |    0 |     0 |          0 |        24 |  0.00 |
|   HDIOB_S        |    0 |     0 |          0 |        24 |  0.00 |
|   HPIOB_SNGL     |    0 |     0 |          0 |        24 |  0.00 |
| HPIOBDIFFINBUF   |    0 |     0 |          0 |       192 |  0.00 |
| HPIOBDIFFOUTBUF  |    0 |     0 |          0 |       192 |  0.00 |
| HDIOBDIFFINBUF   |    0 |     0 |          0 |        48 |  0.00 |
| BITSLICE_CONTROL |    0 |     0 |          0 |        64 |  0.00 |
| BITSLICE_RX_TX   |    0 |     0 |          0 |      2496 |  0.00 |
| BITSLICE_TX      |    0 |     0 |          0 |        64 |  0.00 |
| RIU_OR           |    0 |     0 |          0 |        32 |  0.00 |
+------------------+------+-------+------------+-----------+-------+


6. CLOCK
--------

+------------+------+-------+------------+-----------+-------+
|  Site Type | Used | Fixed | Prohibited | Available | Util% |
+------------+------+-------+------------+-----------+-------+
| BUFGCE     |    6 |     0 |          0 |       208 |  2.88 |
| BUFGCE_DIV |    0 |     0 |          0 |        32 |  0.00 |
| BUFG_GT    |    0 |     0 |          0 |       144 |  0.00 |
| BUFG_PS    |    1 |     0 |          0 |        96 |  1.04 |
| BUFGCTRL*  |    0 |     0 |          0 |        64 |  0.00 |
| PLL        |    0 |     0 |          0 |        16 |  0.00 |
| MMCM       |    0 |     0 |          0 |         8 |  0.00 |
+------------+------+-------+------------+-----------+-------+
* Note: Each used BUFGCTRL counts as two GLOBAL CLOCK BUFFERs. This table does not include global clocking resources, only buffer cell usage. See the Clock Utilization Report (report_clock_utilization) for detailed accounting of global clocking resource availability.


7. ADVANCED
-----------

+-----------------+------+-------+------------+-----------+--------+
|    Site Type    | Used | Fixed | Prohibited | Available |  Util% |
+-----------------+------+-------+------------+-----------+--------+
| GTHE4_CHANNEL   |    0 |     0 |          0 |        20 |   0.00 |
| GTHE4_COMMON    |    0 |     0 |          0 |         5 |   0.00 |
| OBUFDS_GTE4     |    0 |     0 |          0 |        10 |   0.00 |
| OBUFDS_GTE4_ADV |    0 |     0 |          0 |        10 |   0.00 |
| PCIE40E4        |    0 |     0 |          0 |         2 |   0.00 |
| PS8             |    1 |     0 |          0 |         1 | 100.00 |
| SYSMONE4        |    0 |     0 |          0 |         1 |   0.00 |
| VCU             |    0 |     0 |          0 |         1 |   0.00 |
+-----------------+------+-------+------------+-----------+--------+


8. CONFIGURATION
----------------

+-------------+------+-------+------------+-----------+-------+
|  Site Type  | Used | Fixed | Prohibited | Available | Util% |
+-------------+------+-------+------------+-----------+-------+
| BSCANE2     |    0 |     0 |          0 |         4 |  0.00 |
| DNA_PORTE2  |    0 |     0 |          0 |         1 |  0.00 |
| EFUSE_USR   |    0 |     0 |          0 |         1 |  0.00 |
| FRAME_ECCE4 |    0 |     0 |          0 |         1 |  0.00 |
| ICAPE3      |    0 |     0 |          0 |         2 |  0.00 |
| MASTER_JTAG |    0 |     0 |          0 |         1 |  0.00 |
| STARTUPE3   |    0 |     0 |          0 |         1 |  0.00 |
+-------------+------+-------+------------+-----------+-------+


9. Primitives
-------------

+----------+-------+---------------------+
| Ref Name |  Used | Functional Category |
+----------+-------+---------------------+
| FDRE     | 16884 |            Register |
| LUT3     |  8318 |                 CLB |
| LUT4     |  5700 |                 CLB |
| LUT2     |  5678 |                 CLB |
| LUT6     |  4407 |                 CLB |
| LUT5     |  2899 |                 CLB |
| FDSE     |  1595 |            Register |
| SRLC32E  |  1429 |                 CLB |
| CARRY8   |  1391 |                 CLB |
| RAMD32   |  1228 |                 CLB |
| SRL16E   |   908 |                 CLB |
| DSP48E2  |   525 |          Arithmetic |
| LUT1     |   468 |                 CLB |
| RAMS32   |   178 |                 CLB |
| FDCE     |   111 |            Register |
| MUXF7    |    74 |                 CLB |
| MUXF8    |    35 |                 CLB |
| URAM288  |    32 |            BLOCKRAM |
| RAMB36E2 |    16 |            BLOCKRAM |
| BUFGCE   |     6 |               Clock |
| RAMB18E2 |     3 |            BLOCKRAM |
| PS8      |     1 |            Advanced |
| BUFG_PS  |     1 |               Clock |
+----------+-------+---------------------+


10. Black Boxes
---------------

+----------+------+
| Ref Name | Used |
+----------+------+


11. Instantiated Netlists
-------------------------

+--------------------------+------+
|         Ref Name         | Used |
+--------------------------+------+
| mhsa_zynq_ultra_ps_e_0_0 |    1 |
| mhsa_smartconnect_4_0    |    1 |
| mhsa_smartconnect_3_0    |    1 |
| mhsa_smartconnect_2_0    |    1 |
| mhsa_smartconnect_1_0    |    1 |
| mhsa_smartconnect_0_0    |    1 |
| mhsa_proc_sys_reset_0_0  |    1 |
| mhsa_mhsa_top_0_0        |    1 |
+--------------------------+------+


