Copyright 1986-2022 Xilinx, Inc. All Rights Reserved. Copyright 2022-2025 Advanced Micro Devices, Inc. All Rights Reserved.
----------------------------------------------------------------------------------------------------------------------------------------------------------
| Tool Version     : Vivado v.2025.2 (win64) Build 6299465 Fri Nov 14 19:35:11 GMT 2025
| Date             : Wed Aug 26 20:54:28 2026
| Host             : NAV running 64-bit major release  (build 9200)
| Command          : report_power -file mhsa_wrapper_power_routed.rpt -pb mhsa_wrapper_power_summary_routed.pb -rpx mhsa_wrapper_power_routed.rpx
| Design           : mhsa_wrapper
| Device           : xczu7ev-ffvc1156-2-e
| Design State     : routed
| Grade            : extended
| Process          : typical
| Characterization : Production
----------------------------------------------------------------------------------------------------------------------------------------------------------

Power Report

Table of Contents
-----------------
1. Summary
1.1 On-Chip Components
1.2 Power Supply Summary
1.3 Confidence Level
2. Settings
2.1 Environment
2.2 Clock Constraints
3. Detailed Reports
3.1 By Hierarchy

1. Summary
----------

+--------------------------+--------------+
| Total On-Chip Power (W)  | 3.606        |
| Design Power Budget (W)  | Unspecified* |
| Power Budget Margin (W)  | NA           |
| Dynamic (W)              | 2.907        |
| Device Static (W)        | 0.699        |
| Effective TJA (C/W)      | 1.0          |
| Max Ambient (C)          | 96.5         |
| Junction Temperature (C) | 28.5         |
| Confidence Level         | Medium       |
| Setting File             | ---          |
| Simulation Activity File | ---          |
| Design Nets Matched      | NA           |
+--------------------------+--------------+
* Specify Design Power Budget using, set_operating_conditions -design_power_budget <value in Watts>


1.1 On-Chip Components
----------------------

+--------------------------+-----------+----------+-----------+-----------------+
| On-Chip                  | Power (W) | Used     | Available | Utilization (%) |
+--------------------------+-----------+----------+-----------+-----------------+
| Clocks                   |     0.046 |        3 |       --- |             --- |
| CLB Logic                |     0.148 |    52674 |       --- |             --- |
|   LUT as Logic           |     0.111 |    22549 |    230400 |            9.79 |
|   LUT as Distributed RAM |     0.021 |      706 |    101760 |            0.69 |
|   CARRY8                 |     0.009 |     1391 |     28800 |            4.83 |
|   LUT as Shift Register  |     0.004 |     1936 |    101760 |            1.90 |
|   Register               |     0.002 |    18590 |    460800 |            4.03 |
|   BUFG                   |    <0.001 |        6 |        64 |            9.38 |
|   Others                 |     0.000 |     1365 |       --- |             --- |
|   F7/F8 Muxes            |     0.000 |      109 |    230400 |            0.05 |
| Signals                  |     0.204 |    64093 |       --- |             --- |
| Block RAM                |     0.017 |     17.5 |       312 |            5.61 |
| URAM                     |     0.052 |       32 |        96 |           33.33 |
| DSPs                     |     0.222 |      525 |      1728 |           30.38 |
| PS8                      |     2.217 |        1 |       --- |             --- |
| Static Power             |     0.699 |          |           |                 |
|   PS Static              |     0.101 |          |           |                 |
|   PL Static              |     0.597 |          |           |                 |
| Total                    |     3.606 |          |           |                 |
+--------------------------+-----------+----------+-----------+-----------------+


1.2 Power Supply Summary
------------------------

+------------------+-------------+-----------+-------------+------------+-------------+-------------+------------+
| Source           | Voltage (V) | Total (A) | Dynamic (A) | Static (A) | Powerup (A) | Budget (A)  | Margin (A) |
+------------------+-------------+-----------+-------------+------------+-------------+-------------+------------+
| Vccint           |       0.850 |     0.965 |       0.810 |      0.156 |       NA    | Unspecified | NA         |
| Vccint_io        |       0.850 |     0.071 |       0.000 |      0.071 |       NA    | Unspecified | NA         |
| Vccbram          |       0.850 |     0.005 |       0.002 |      0.002 |       NA    | Unspecified | NA         |
| Vccaux           |       1.800 |     0.147 |       0.000 |      0.147 |       NA    | Unspecified | NA         |
| Vccaux_io        |       1.800 |     0.055 |       0.000 |      0.055 |       NA    | Unspecified | NA         |
| Vcco33           |       3.300 |     0.000 |       0.000 |      0.000 |       NA    | Unspecified | NA         |
| Vcco25           |       2.500 |     0.000 |       0.000 |      0.000 |       NA    | Unspecified | NA         |
| Vcco18           |       1.800 |     0.000 |       0.000 |      0.000 |       NA    | Unspecified | NA         |
| Vcco15           |       1.500 |     0.000 |       0.000 |      0.000 |       NA    | Unspecified | NA         |
| Vcco135          |       1.350 |     0.000 |       0.000 |      0.000 |       NA    | Unspecified | NA         |
| Vcco12           |       1.200 |     0.000 |       0.000 |      0.000 |       NA    | Unspecified | NA         |
| Vcco10           |       1.000 |     0.000 |       0.000 |      0.000 |       NA    | Unspecified | NA         |
| Vccadc           |       1.800 |     0.008 |       0.000 |      0.008 |       NA    | Unspecified | NA         |
| VCC_PSINTFP      |       0.850 |     1.085 |       1.051 |      0.035 |       NA    | Unspecified | NA         |
| VCC_PSINTLP      |       0.850 |     0.233 |       0.226 |      0.007 |       NA    | Unspecified | NA         |
| VPS_MGTRAVCC     |       0.850 |     0.001 |       0.000 |      0.001 |       NA    | Unspecified | NA         |
| VCC_PSINTFP_DDR  |       0.850 |     0.549 |       0.544 |      0.004 |       NA    | Unspecified | NA         |
| VCC_PSPLL        |       1.200 |     0.069 |       0.067 |      0.002 |       NA    | Unspecified | NA         |
| VPS_MGTRAVTT     |       1.800 |     0.001 |       0.000 |      0.001 |       NA    | Unspecified | NA         |
| VCCO_PSDDR_504   |       1.200 |     0.525 |       0.491 |      0.034 |       NA    | Unspecified | NA         |
| VCC_PSAUX        |       1.800 |     0.002 |       0.000 |      0.002 |       NA    | Unspecified | NA         |
| VCC_PSBATT       |       1.200 |     0.000 |       0.000 |      0.000 |       NA    | Unspecified | NA         |
| VCC_PSDDR_PLL    |       1.800 |     0.001 |       0.000 |      0.001 |       NA    | Unspecified | NA         |
| VCCO_PSIO0_500   |       3.300 |     0.001 |       0.000 |      0.001 |       NA    | Unspecified | NA         |
| VCCO_PSIO1_501   |       3.300 |     0.001 |       0.000 |      0.001 |       NA    | Unspecified | NA         |
| VCCO_PSIO2_502   |       3.300 |     0.001 |       0.000 |      0.001 |       NA    | Unspecified | NA         |
| VCCO_PSIO3_503   |       3.300 |     0.001 |       0.000 |      0.001 |       NA    | Unspecified | NA         |
| VCC_PSADC        |       1.800 |     0.002 |       0.000 |      0.002 |       NA    | Unspecified | NA         |
| VCCINT_VCU       |       0.900 |     0.027 |       0.000 |      0.027 |       NA    | Unspecified | NA         |
| VMGTAVCC (GTH)   |       0.900 |     0.000 |       0.000 |      0.000 |       NA    | Unspecified | NA         |
| VMGTAVTT (GTH)   |       1.200 |     0.000 |       0.000 |      0.000 |       NA    | Unspecified | NA         |
| VMGTVCCAUX (GTH) |       1.800 |     0.000 |       0.000 |      0.000 |       NA    | Unspecified | NA         |
+------------------+-------------+-----------+-------------+------------+-------------+-------------+------------+


1.3 Confidence Level
--------------------

+-----------------------------+------------+------------------------------------------------+------------------------------------------------------------------------------------------------------------+
| User Input Data             | Confidence | Details                                        | Action                                                                                                     |
+-----------------------------+------------+------------------------------------------------+------------------------------------------------------------------------------------------------------------+
| Design implementation state | High       | Design is routed                               |                                                                                                            |
| Clock nodes activity        | High       | User specified more than 95% of clocks         |                                                                                                            |
| I/O nodes activity          | High       | User specified more than 95% of inputs         |                                                                                                            |
| Internal nodes activity     | Medium     | User specified less than 25% of internal nodes | Provide missing internal nodes activity with simulation results or by editing the "By Resource Type" views |
| Device models               | High       | Device models are Production                   |                                                                                                            |
|                             |            |                                                |                                                                                                            |
| Overall confidence level    | Medium     |                                                |                                                                                                            |
+-----------------------------+------------+------------------------------------------------+------------------------------------------------------------------------------------------------------------+


2. Settings
-----------

2.1 Environment
---------------

+-----------------------+--------------------------+
| Ambient Temp (C)      | 25.0                     |
| ThetaJA (C/W)         | 1.0                      |
| Airflow (LFM)         | 250                      |
| Heat Sink             | medium (Medium Profile)  |
| ThetaSA (C/W)         | 1.5                      |
| Board Selection       | medium (10"x10")         |
| # of Board Layers     | 12to15 (12 to 15 Layers) |
| Board Temperature (C) | 25.0                     |
+-----------------------+--------------------------+


2.2 Clock Constraints
---------------------

+----------+----------------------------------------------------+-----------------+
| Clock    | Domain                                             | Constraint (ns) |
+----------+----------------------------------------------------+-----------------+
| clk_pl_0 | mhsa_i/zynq_ultra_ps_e_0/inst/pl_clk_unbuffered[0] |            10.3 |
+----------+----------------------------------------------------+-----------------+


3. Detailed Reports
-------------------

3.1 By Hierarchy
----------------

+-----------------------+-----------+
| Name                  | Power (W) |
+-----------------------+-----------+
| mhsa_wrapper          |     2.907 |
|   mhsa_i              |     2.907 |
|     mhsa_top_0        |     0.640 |
|       inst            |     0.640 |
|     smartconnect_0    |     0.007 |
|       inst            |     0.007 |
|     smartconnect_1    |     0.007 |
|       inst            |     0.007 |
|     smartconnect_2    |     0.007 |
|       inst            |     0.007 |
|     smartconnect_3    |     0.022 |
|       inst            |     0.022 |
|     smartconnect_4    |     0.005 |
|       inst            |     0.005 |
|     zynq_ultra_ps_e_0 |     2.219 |
|       inst            |     2.219 |
+-----------------------+-----------+


