================================================================
== Vivado RTL Synthesis Results
================================================================
+ General Information:
    * Date:            Wed Aug 26 17:09:13 +0530 2026
    * Version:         2025.2 (Build 6295257 on Nov 14 2025)
    * Project:         vit_base16
    * Solution:        hls (Vivado IP Flow Target)
    * Product family:  zynquplus
    * Target device:   xczu7ev-ffvc1156-2-e


================================================================
== Run Constraints & Options
================================================================
+ Design Constraints & Options:
    * RTL Synthesis target clock:  10 ns
    * C-Synthesis uncertainty:     27%

+ RTL Synthesis Options:
    * config_export -vivado_synth_strategy:     default
    * config_export -vivado_synth_design_args:  -directive sdx_optimization_effort_high

+ Reporting Options:
    * config_export -vivado_report_level:      2
    * config_export -vivado_max_timing_paths:  10


================================================================
== RTL Synthesis Resource Summary
================================================================
LUT:              23484
FF:               14746
DSP:              525
BRAM:             35
URAM:             32
SRL:              2303


================================================================
== RTL Synthesis Timing Summary
================================================================
* Timing was met
+----------------+-------------+
| Timing         | Period (ns) |
+----------------+-------------+
| Target         | 10.000      |
| Post-Synthesis | 5.931       |
+----------------+-------------+


================================================================
== RTL Synthesis Resources
================================================================
+------------------------------------------------------------+-----+----+-----+------+------+------+--------+------+---------+----------+--------+
| Name                                                       | LUT | FF | DSP | BRAM | URAM | SRL  | Pragma | Impl | Latency | Variable | Source |
+------------------------------------------------------------+-----+----+-----+------+------+------+--------+------+---------+----------+--------+
| inst                                                       |     |    |     |      |      | 2303 |        |      |         |          |        |
|   (inst)                                                   |     |    |     |      |      | 3    |        |      |         |          |        |
|   O_row_10_U                                               |     |    |     |      |      |      |        |      |         |          |        |
|   O_row_11_U                                               |     |    |     |      |      |      |        |      |         |          |        |
|   O_row_12_U                                               |     |    |     |      |      |      |        |      |         |          |        |
|   O_row_13_U                                               |     |    |     |      |      |      |        |      |         |          |        |
|   O_row_14_U                                               |     |    |     |      |      |      |        |      |         |          |        |
|   O_row_15_U                                               |     |    |     |      |      |      |        |      |         |          |        |
|   O_row_1_U                                                |     |    |     |      |      |      |        |      |         |          |        |
|   O_row_2_U                                                |     |    |     |      |      |      |        |      |         |          |        |
|   O_row_3_U                                                |     |    |     |      |      |      |        |      |         |          |        |
|   O_row_4_U                                                |     |    |     |      |      |      |        |      |         |          |        |
|   O_row_5_U                                                |     |    |     |      |      |      |        |      |         |          |        |
|   O_row_6_U                                                |     |    |     |      |      |      |        |      |         |          |        |
|   O_row_7_U                                                |     |    |     |      |      |      |        |      |         |          |        |
|   O_row_8_U                                                |     |    |     |      |      |      |        |      |         |          |        |
|   O_row_9_U                                                |     |    |     |      |      |      |        |      |         |          |        |
|   O_row_U                                                  |     |    |     |      |      |      |        |      |         |          |        |
|   control_s_axi_U                                          |     |    |     |      |      |      |        |      |         |          |        |
|   gmem_k_m_axi_U                                           |     |    |     |      |      | 66   |        |      |         |          |        |
|   gmem_o_m_axi_U                                           |     |    |     |      |      | 167  |        |      |         |          |        |
|   gmem_q_m_axi_U                                           |     |    |     |      |      | 66   |        |      |         |          |        |
|   gmem_v_m_axi_U                                           |     |    |     |      |      | 66   |        |      |         |          |        |
|   grp_mhsa_top_Pipeline_load_kv_VITIS_LOOP_91_1_fu_854     |     |    |     |      |      | 15   |        |      |         |          |        |
|     (grp_mhsa_top_Pipeline_load_kv_VITIS_LOOP_91_1_fu_854) |     |    |     |      |      | 15   |        |      |         |          |        |
|     flow_control_loop_pipe_sequential_init_U               |     |    |     |      |      |      |        |      |         |          |        |
|   grp_mhsa_top_Pipeline_load_q_fu_929                      |     |    |     |      |      |      |        |      |         |          |        |
|     (grp_mhsa_top_Pipeline_load_q_fu_929)                  |     |    |     |      |      |      |        |      |         |          |        |
|     flow_control_loop_pipe_sequential_init_U               |     |    |     |      |      |      |        |      |         |          |        |
|   grp_mhsa_top_Pipeline_store_o_fu_1213                    |     |    |     |      |      |      |        |      |         |          |        |
|     (grp_mhsa_top_Pipeline_store_o_fu_1213)                |     |    |     |      |      |      |        |      |         |          |        |
|     flow_control_loop_pipe_sequential_init_U               |     |    |     |      |      |      |        |      |         |          |        |
|   grp_online_attention_row_fu_1064                         |     |    |     |      |      | 1920 |        |      |         |          |        |
|     (grp_online_attention_row_fu_1064)                     |     |    |     |      |      |      |        |      |         |          |        |
|     bitselect_1ns_32ns_5ns_1_1_1_U550                      |     |    |     |      |      |      |        |      |         |          |        |
|     bitselect_1ns_54ns_6ns_1_1_1_U552                      |     |    |     |      |      |      |        |      |         |          |        |
|     ctlz_32_32_1_1_U549                                    |     |    |     |      |      |      |        |      |         |          |        |
|     fdiv_32ns_32ns_32_9_no_dsp_1_U483                      |     |    |     |      |      | 31   |        |      |         |          |        |
|     fpext_32ns_64_2_no_dsp_1_U484                          |     |    |     |      |      |      |        |      |         |          |        |
|       (fpext_32ns_64_2_no_dsp_1_U484)                      |     |    |     |      |      |      |        |      |         |          |        |
|     grp_online_attention_row_Pipeline_tokens_fu_1773       |     |    |     |      |      | 1889 |        |      |         |          |        |
|       (grp_online_attention_row_Pipeline_tokens_fu_1773)   |     |    |     |      |      | 1889 |        |      |         |          |        |
|       flow_control_loop_pipe_sequential_init_U             |     |    |     |      |      |      |        |      |         |          |        |
|       mac_muladd_16s_16s_32s_33_4_1_U246                   |     |    |     |      |      |      |        |      |         |          |        |
|       mac_muladd_16s_16s_33s_33_4_1_U247                   |     |    |     |      |      |      |        |      |         |          |        |
|       mac_muladd_16s_16s_40s_41_4_1_U248                   |     |    |     |      |      |      |        |      |         |          |        |
|       mac_muladd_16s_16s_40s_41_4_1_U249                   |     |    |     |      |      |      |        |      |         |          |        |
|       mac_muladd_16s_16s_40s_41_4_1_U250                   |     |    |     |      |      |      |        |      |         |          |        |
|       mac_muladd_16s_16s_40s_41_4_1_U251                   |     |    |     |      |      |      |        |      |         |          |        |
|       mac_muladd_16s_16s_40s_41_4_1_U252                   |     |    |     |      |      |      |        |      |         |          |        |
|       mac_muladd_16s_16s_40s_41_4_1_U253                   |     |    |     |      |      |      |        |      |         |          |        |
|       mac_muladd_16s_16s_40s_41_4_1_U254                   |     |    |     |      |      |      |        |      |         |          |        |
|       mac_muladd_16s_16s_40s_41_4_1_U255                   |     |    |     |      |      |      |        |      |         |          |        |
|       mac_muladd_16s_16s_40s_41_4_1_U256                   |     |    |     |      |      |      |        |      |         |          |        |
|       mac_muladd_16s_16s_40s_41_4_1_U257                   |     |    |     |      |      |      |        |      |         |          |        |
|       mac_muladd_16s_16s_40s_41_4_1_U258                   |     |    |     |      |      |      |        |      |         |          |        |
|       mac_muladd_16s_16s_40s_41_4_1_U259                   |     |    |     |      |      |      |        |      |         |          |        |
|       mac_muladd_16s_16s_40s_41_4_1_U260                   |     |    |     |      |      |      |        |      |         |          |        |
|       mac_muladd_16s_16s_40s_41_4_1_U261                   |     |    |     |      |      |      |        |      |         |          |        |
|       mac_muladd_16s_16s_40s_41_4_1_U262                   |     |    |     |      |      |      |        |      |         |          |        |
|       mac_muladd_16s_16s_40s_41_4_1_U263                   |     |    |     |      |      |      |        |      |         |          |        |
|       mac_muladd_16s_16s_40s_41_4_1_U264                   |     |    |     |      |      |      |        |      |         |          |        |
|       mac_muladd_16s_16s_40s_41_4_1_U265                   |     |    |     |      |      |      |        |      |         |          |        |
|       mac_muladd_16s_16s_40s_41_4_1_U266                   |     |    |     |      |      |      |        |      |         |          |        |
|       mac_muladd_16s_16s_40s_41_4_1_U267                   |     |    |     |      |      |      |        |      |         |          |        |
|       mac_muladd_16s_16s_40s_41_4_1_U268                   |     |    |     |      |      |      |        |      |         |          |        |
|       mac_muladd_16s_16s_40s_41_4_1_U269                   |     |    |     |      |      |      |        |      |         |          |        |
|       mac_muladd_16s_16s_40s_41_4_1_U270                   |     |    |     |      |      |      |        |      |         |          |        |
|       mac_muladd_16s_16s_40s_41_4_1_U271                   |     |    |     |      |      |      |        |      |         |          |        |
|       mac_muladd_16s_16s_40s_41_4_1_U272                   |     |    |     |      |      |      |        |      |         |          |        |
|       mac_muladd_16s_16s_40s_41_4_1_U273                   |     |    |     |      |      |      |        |      |         |          |        |
|       mac_muladd_16s_16s_40s_41_4_1_U274                   |     |    |     |      |      |      |        |      |         |          |        |
|       mac_muladd_16s_16s_40s_41_4_1_U275                   |     |    |     |      |      |      |        |      |         |          |        |
|       mac_muladd_16s_16s_40s_41_4_1_U276                   |     |    |     |      |      |      |        |      |         |          |        |
|       mac_muladd_16s_16s_40s_41_4_1_U277                   |     |    |     |      |      |      |        |      |         |          |        |
|       mac_muladd_16s_16s_40s_41_4_1_U278                   |     |    |     |      |      |      |        |      |         |          |        |
|       mac_muladd_16s_16s_40s_41_4_1_U279                   |     |    |     |      |      |      |        |      |         |          |        |
|       mac_muladd_16s_16s_40s_41_4_1_U280                   |     |    |     |      |      |      |        |      |         |          |        |
|       mac_muladd_16s_16s_40s_41_4_1_U281                   |     |    |     |      |      |      |        |      |         |          |        |
|       mac_muladd_16s_16s_40s_41_4_1_U282                   |     |    |     |      |      |      |        |      |         |          |        |
|       mac_muladd_16s_16s_40s_41_4_1_U283                   |     |    |     |      |      |      |        |      |         |          |        |
|       mac_muladd_16s_16s_40s_41_4_1_U284                   |     |    |     |      |      |      |        |      |         |          |        |
|       mac_muladd_16s_16s_40s_41_4_1_U285                   |     |    |     |      |      |      |        |      |         |          |        |
|       mac_muladd_16s_16s_40s_41_4_1_U286                   |     |    |     |      |      |      |        |      |         |          |        |
|       mac_muladd_16s_16s_40s_41_4_1_U287                   |     |    |     |      |      |      |        |      |         |          |        |
|       mac_muladd_16s_16s_40s_41_4_1_U288                   |     |    |     |      |      |      |        |      |         |          |        |
|       mac_muladd_16s_16s_40s_41_4_1_U289                   |     |    |     |      |      |      |        |      |         |          |        |
|       mac_muladd_16s_16s_40s_41_4_1_U290                   |     |    |     |      |      |      |        |      |         |          |        |
|       mac_muladd_16s_16s_40s_41_4_1_U291                   |     |    |     |      |      |      |        |      |         |          |        |
|       mac_muladd_16s_16s_40s_41_4_1_U292                   |     |    |     |      |      |      |        |      |         |          |        |
|       mac_muladd_16s_16s_40s_41_4_1_U293                   |     |    |     |      |      |      |        |      |         |          |        |
|       mac_muladd_16s_16s_40s_41_4_1_U294                   |     |    |     |      |      |      |        |      |         |          |        |
|       mac_muladd_16s_16s_40s_41_4_1_U295                   |     |    |     |      |      |      |        |      |         |          |        |
|       mac_muladd_16s_16s_40s_41_4_1_U296                   |     |    |     |      |      |      |        |      |         |          |        |
|       mac_muladd_16s_16s_40s_41_4_1_U297                   |     |    |     |      |      |      |        |      |         |          |        |
|       mac_muladd_16s_16s_40s_41_4_1_U298                   |     |    |     |      |      |      |        |      |         |          |        |
|       mac_muladd_16s_16s_40s_41_4_1_U299                   |     |    |     |      |      |      |        |      |         |          |        |
|       mac_muladd_16s_16s_40s_41_4_1_U300                   |     |    |     |      |      |      |        |      |         |          |        |
|       mac_muladd_16s_16s_40s_41_4_1_U301                   |     |    |     |      |      |      |        |      |         |          |        |
|       mac_muladd_16s_16s_40s_41_4_1_U302                   |     |    |     |      |      |      |        |      |         |          |        |
|       mac_muladd_16s_16s_40s_41_4_1_U303                   |     |    |     |      |      |      |        |      |         |          |        |
|       mac_muladd_16s_16s_40s_41_4_1_U304                   |     |    |     |      |      |      |        |      |         |          |        |
|       mac_muladd_16s_16s_40s_41_4_1_U305                   |     |    |     |      |      |      |        |      |         |          |        |
|       mac_muladd_16s_16s_40s_41_4_1_U306                   |     |    |     |      |      |      |        |      |         |          |        |
|       mac_muladd_16s_16s_40s_41_4_1_U307                   |     |    |     |      |      |      |        |      |         |          |        |
|       mac_muladd_16s_16s_40s_41_4_1_U308                   |     |    |     |      |      |      |        |      |         |          |        |
|       mul_29s_18s_47_1_1_U168                              |     |    |     |      |      |      |        |      |         |          |        |
|       mul_29s_18s_47_1_1_U169                              |     |    |     |      |      |      |        |      |         |          |        |
|       mul_32s_16s_48_1_1_U170                              |     |    |     |      |      |      |        |      |         |          |        |
|       mul_32s_16s_48_1_1_U171                              |     |    |     |      |      |      |        |      |         |          |        |
|       mul_32s_16s_48_1_1_U172                              |     |    |     |      |      |      |        |      |         |          |        |
|       mul_32s_16s_48_1_1_U173                              |     |    |     |      |      |      |        |      |         |          |        |
|       mul_32s_16s_48_1_1_U174                              |     |    |     |      |      |      |        |      |         |          |        |
|       mul_32s_16s_48_1_1_U175                              |     |    |     |      |      |      |        |      |         |          |        |
|       mul_32s_16s_48_1_1_U176                              |     |    |     |      |      |      |        |      |         |          |        |
|       mul_32s_16s_48_1_1_U177                              |     |    |     |      |      |      |        |      |         |          |        |
|       mul_32s_16s_48_1_1_U178                              |     |    |     |      |      |      |        |      |         |          |        |
|       mul_32s_16s_48_1_1_U179                              |     |    |     |      |      |      |        |      |         |          |        |
|       mul_32s_16s_48_1_1_U180                              |     |    |     |      |      |      |        |      |         |          |        |
|       mul_32s_16s_48_1_1_U181                              |     |    |     |      |      |      |        |      |         |          |        |
|       mul_32s_16s_48_1_1_U182                              |     |    |     |      |      |      |        |      |         |          |        |
|       mul_32s_16s_48_1_1_U183                              |     |    |     |      |      |      |        |      |         |          |        |
|       mul_32s_16s_48_1_1_U184                              |     |    |     |      |      |      |        |      |         |          |        |
|       mul_32s_16s_48_1_1_U185                              |     |    |     |      |      |      |        |      |         |          |        |
|       mul_32s_16s_48_1_1_U186                              |     |    |     |      |      |      |        |      |         |          |        |
|       mul_32s_16s_48_1_1_U187                              |     |    |     |      |      |      |        |      |         |          |        |
|       mul_32s_16s_48_1_1_U188                              |     |    |     |      |      |      |        |      |         |          |        |
|       mul_32s_16s_48_1_1_U189                              |     |    |     |      |      |      |        |      |         |          |        |
|       mul_32s_16s_48_1_1_U190                              |     |    |     |      |      |      |        |      |         |          |        |
|       mul_32s_16s_48_1_1_U191                              |     |    |     |      |      |      |        |      |         |          |        |
|       mul_32s_16s_48_1_1_U192                              |     |    |     |      |      |      |        |      |         |          |        |
|       mul_32s_16s_48_1_1_U193                              |     |    |     |      |      |      |        |      |         |          |        |
|       mul_32s_16s_48_1_1_U194                              |     |    |     |      |      |      |        |      |         |          |        |
|       mul_32s_16s_48_1_1_U195                              |     |    |     |      |      |      |        |      |         |          |        |
|       mul_32s_16s_48_1_1_U196                              |     |    |     |      |      |      |        |      |         |          |        |
|       mul_32s_16s_48_1_1_U197                              |     |    |     |      |      |      |        |      |         |          |        |
|       mul_32s_16s_48_1_1_U198                              |     |    |     |      |      |      |        |      |         |          |        |
|       mul_32s_16s_48_1_1_U199                              |     |    |     |      |      |      |        |      |         |          |        |
|       mul_32s_16s_48_1_1_U200                              |     |    |     |      |      |      |        |      |         |          |        |
|       mul_32s_16s_48_1_1_U201                              |     |    |     |      |      |      |        |      |         |          |        |
|       mul_32s_32s_64_1_1_U202                              |     |    |     |      |      |      |        |      |         |          |        |
|       mul_32s_32s_64_1_1_U203                              |     |    |     |      |      |      |        |      |         |          |        |
|       mul_32s_32s_64_1_1_U204                              |     |    |     |      |      |      |        |      |         |          |        |
|       mul_32s_32s_64_1_1_U205                              |     |    |     |      |      |      |        |      |         |          |        |
|       mul_32s_32s_64_1_1_U206                              |     |    |     |      |      |      |        |      |         |          |        |
|       mul_32s_32s_64_1_1_U207                              |     |    |     |      |      |      |        |      |         |          |        |
|       mul_32s_32s_64_1_1_U208                              |     |    |     |      |      |      |        |      |         |          |        |
|       mul_32s_32s_64_1_1_U209                              |     |    |     |      |      |      |        |      |         |          |        |
|       mul_32s_32s_64_1_1_U210                              |     |    |     |      |      |      |        |      |         |          |        |
|       mul_32s_32s_64_1_1_U211                              |     |    |     |      |      |      |        |      |         |          |        |
|       mul_32s_32s_64_1_1_U212                              |     |    |     |      |      |      |        |      |         |          |        |
|       mul_32s_32s_64_1_1_U213                              |     |    |     |      |      |      |        |      |         |          |        |
|       mul_32s_32s_64_1_1_U214                              |     |    |     |      |      |      |        |      |         |          |        |
|       mul_32s_32s_64_1_1_U215                              |     |    |     |      |      |      |        |      |         |          |        |
|       mul_32s_32s_64_1_1_U216                              |     |    |     |      |      |      |        |      |         |          |        |
|       mul_32s_32s_64_1_1_U217                              |     |    |     |      |      |      |        |      |         |          |        |
|       mul_32s_32s_64_1_1_U218                              |     |    |     |      |      |      |        |      |         |          |        |
|       mul_32s_32s_64_1_1_U219                              |     |    |     |      |      |      |        |      |         |          |        |
|       mul_32s_32s_64_1_1_U220                              |     |    |     |      |      |      |        |      |         |          |        |
|       mul_32s_32s_64_1_1_U221                              |     |    |     |      |      |      |        |      |         |          |        |
|       mul_32s_32s_64_1_1_U222                              |     |    |     |      |      |      |        |      |         |          |        |
|       mul_32s_32s_64_1_1_U223                              |     |    |     |      |      |      |        |      |         |          |        |
|       mul_32s_32s_64_1_1_U224                              |     |    |     |      |      |      |        |      |         |          |        |
|       mul_32s_32s_64_1_1_U225                              |     |    |     |      |      |      |        |      |         |          |        |
|       mul_32s_32s_64_1_1_U226                              |     |    |     |      |      |      |        |      |         |          |        |
|       mul_32s_32s_64_1_1_U227                              |     |    |     |      |      |      |        |      |         |          |        |
|       mul_32s_32s_64_1_1_U228                              |     |    |     |      |      |      |        |      |         |          |        |
|       mul_32s_32s_64_1_1_U229                              |     |    |     |      |      |      |        |      |         |          |        |
|       mul_32s_32s_64_1_1_U230                              |     |    |     |      |      |      |        |      |         |          |        |
|       mul_32s_32s_64_1_1_U231                              |     |    |     |      |      |      |        |      |         |          |        |
|       mul_32s_32s_64_1_1_U232                              |     |    |     |      |      |      |        |      |         |          |        |
|       mul_32s_32s_64_1_1_U233                              |     |    |     |      |      |      |        |      |         |          |        |
|       mul_32s_32s_64_1_1_U234                              |     |    |     |      |      |      |        |      |         |          |        |
|       mul_32s_32s_64_1_1_U235                              |     |    |     |      |      |      |        |      |         |          |        |
|       mul_40s_24s_64_1_1_U236                              |     |    |     |      |      |      |        |      |         |          |        |
|     mul_32s_32s_64_1_1_U485                                |     |    |     |      |      |      |        |      |         |          |        |
|     mul_32s_32s_64_1_1_U486                                |     |    |     |      |      |      |        |      |         |          |        |
|     mul_32s_32s_64_1_1_U487                                |     |    |     |      |      |      |        |      |         |          |        |
|     mul_32s_32s_64_1_1_U488                                |     |    |     |      |      |      |        |      |         |          |        |
|     mul_32s_32s_64_1_1_U489                                |     |    |     |      |      |      |        |      |         |          |        |
|     mul_32s_32s_64_1_1_U490                                |     |    |     |      |      |      |        |      |         |          |        |
|     mul_32s_32s_64_1_1_U491                                |     |    |     |      |      |      |        |      |         |          |        |
|     mul_32s_32s_64_1_1_U492                                |     |    |     |      |      |      |        |      |         |          |        |
|     mul_32s_32s_64_1_1_U493                                |     |    |     |      |      |      |        |      |         |          |        |
|     mul_32s_32s_64_1_1_U494                                |     |    |     |      |      |      |        |      |         |          |        |
|     mul_32s_32s_64_1_1_U495                                |     |    |     |      |      |      |        |      |         |          |        |
|     mul_32s_32s_64_1_1_U496                                |     |    |     |      |      |      |        |      |         |          |        |
|     mul_32s_32s_64_1_1_U497                                |     |    |     |      |      |      |        |      |         |          |        |
|     mul_32s_32s_64_1_1_U498                                |     |    |     |      |      |      |        |      |         |          |        |
|     mul_32s_32s_64_1_1_U499                                |     |    |     |      |      |      |        |      |         |          |        |
|     mul_32s_32s_64_1_1_U500                                |     |    |     |      |      |      |        |      |         |          |        |
|     mul_32s_32s_64_1_1_U501                                |     |    |     |      |      |      |        |      |         |          |        |
|     mul_32s_32s_64_1_1_U502                                |     |    |     |      |      |      |        |      |         |          |        |
|     mul_32s_32s_64_1_1_U503                                |     |    |     |      |      |      |        |      |         |          |        |
|     mul_32s_32s_64_1_1_U504                                |     |    |     |      |      |      |        |      |         |          |        |
|     mul_32s_32s_64_1_1_U505                                |     |    |     |      |      |      |        |      |         |          |        |
|     mul_32s_32s_64_1_1_U506                                |     |    |     |      |      |      |        |      |         |          |        |
|     mul_32s_32s_64_1_1_U507                                |     |    |     |      |      |      |        |      |         |          |        |
|     mul_32s_32s_64_1_1_U508                                |     |    |     |      |      |      |        |      |         |          |        |
|     mul_32s_32s_64_1_1_U509                                |     |    |     |      |      |      |        |      |         |          |        |
|     mul_32s_32s_64_1_1_U510                                |     |    |     |      |      |      |        |      |         |          |        |
|     mul_32s_32s_64_1_1_U511                                |     |    |     |      |      |      |        |      |         |          |        |
|     mul_32s_32s_64_1_1_U512                                |     |    |     |      |      |      |        |      |         |          |        |
|     mul_32s_32s_64_1_1_U513                                |     |    |     |      |      |      |        |      |         |          |        |
|     mul_32s_32s_64_1_1_U514                                |     |    |     |      |      |      |        |      |         |          |        |
|     mul_32s_32s_64_1_1_U515                                |     |    |     |      |      |      |        |      |         |          |        |
|     mul_32s_32s_64_1_1_U516                                |     |    |     |      |      |      |        |      |         |          |        |
|     mul_32s_32s_64_1_1_U517                                |     |    |     |      |      |      |        |      |         |          |        |
|     mul_32s_32s_64_1_1_U518                                |     |    |     |      |      |      |        |      |         |          |        |
|     mul_32s_32s_64_1_1_U519                                |     |    |     |      |      |      |        |      |         |          |        |
|     mul_32s_32s_64_1_1_U520                                |     |    |     |      |      |      |        |      |         |          |        |
|     mul_32s_32s_64_1_1_U521                                |     |    |     |      |      |      |        |      |         |          |        |
|     mul_32s_32s_64_1_1_U522                                |     |    |     |      |      |      |        |      |         |          |        |
|     mul_32s_32s_64_1_1_U523                                |     |    |     |      |      |      |        |      |         |          |        |
|     mul_32s_32s_64_1_1_U524                                |     |    |     |      |      |      |        |      |         |          |        |
|     mul_32s_32s_64_1_1_U525                                |     |    |     |      |      |      |        |      |         |          |        |
|     mul_32s_32s_64_1_1_U526                                |     |    |     |      |      |      |        |      |         |          |        |
|     mul_32s_32s_64_1_1_U527                                |     |    |     |      |      |      |        |      |         |          |        |
|     mul_32s_32s_64_1_1_U528                                |     |    |     |      |      |      |        |      |         |          |        |
|     mul_32s_32s_64_1_1_U529                                |     |    |     |      |      |      |        |      |         |          |        |
|     mul_32s_32s_64_1_1_U530                                |     |    |     |      |      |      |        |      |         |          |        |
|     mul_32s_32s_64_1_1_U531                                |     |    |     |      |      |      |        |      |         |          |        |
|     mul_32s_32s_64_1_1_U532                                |     |    |     |      |      |      |        |      |         |          |        |
|     mul_32s_32s_64_1_1_U533                                |     |    |     |      |      |      |        |      |         |          |        |
|     mul_32s_32s_64_1_1_U534                                |     |    |     |      |      |      |        |      |         |          |        |
|     mul_32s_32s_64_1_1_U535                                |     |    |     |      |      |      |        |      |         |          |        |
|     mul_32s_32s_64_1_1_U536                                |     |    |     |      |      |      |        |      |         |          |        |
|     mul_32s_32s_64_1_1_U537                                |     |    |     |      |      |      |        |      |         |          |        |
|     mul_32s_32s_64_1_1_U538                                |     |    |     |      |      |      |        |      |         |          |        |
|     mul_32s_32s_64_1_1_U539                                |     |    |     |      |      |      |        |      |         |          |        |
|     mul_32s_32s_64_1_1_U540                                |     |    |     |      |      |      |        |      |         |          |        |
|     mul_32s_32s_64_1_1_U541                                |     |    |     |      |      |      |        |      |         |          |        |
|     mul_32s_32s_64_1_1_U542                                |     |    |     |      |      |      |        |      |         |          |        |
|     mul_32s_32s_64_1_1_U543                                |     |    |     |      |      |      |        |      |         |          |        |
|     mul_32s_32s_64_1_1_U544                                |     |    |     |      |      |      |        |      |         |          |        |
|     mul_32s_32s_64_1_1_U545                                |     |    |     |      |      |      |        |      |         |          |        |
|     mul_32s_32s_64_1_1_U546                                |     |    |     |      |      |      |        |      |         |          |        |
|     mul_32s_32s_64_1_1_U547                                |     |    |     |      |      |      |        |      |         |          |        |
|     mul_32s_32s_64_1_1_U548                                |     |    |     |      |      |      |        |      |         |          |        |
|   p_ZL5K_buf_0_U                                           |     |    |     |      |      |      |        |      |         |          |        |
|   p_ZL5K_buf_10_U                                          |     |    |     |      |      |      |        |      |         |          |        |
|   p_ZL5K_buf_11_U                                          |     |    |     |      |      |      |        |      |         |          |        |
|   p_ZL5K_buf_12_U                                          |     |    |     |      |      |      |        |      |         |          |        |
|   p_ZL5K_buf_13_U                                          |     |    |     |      |      |      |        |      |         |          |        |
|   p_ZL5K_buf_14_U                                          |     |    |     |      |      |      |        |      |         |          |        |
|   p_ZL5K_buf_15_U                                          |     |    |     |      |      |      |        |      |         |          |        |
|   p_ZL5K_buf_1_U                                           |     |    |     |      |      |      |        |      |         |          |        |
|   p_ZL5K_buf_2_U                                           |     |    |     |      |      |      |        |      |         |          |        |
|   p_ZL5K_buf_3_U                                           |     |    |     |      |      |      |        |      |         |          |        |
|   p_ZL5K_buf_4_U                                           |     |    |     |      |      |      |        |      |         |          |        |
|   p_ZL5K_buf_5_U                                           |     |    |     |      |      |      |        |      |         |          |        |
|   p_ZL5K_buf_6_U                                           |     |    |     |      |      |      |        |      |         |          |        |
|   p_ZL5K_buf_7_U                                           |     |    |     |      |      |      |        |      |         |          |        |
|   p_ZL5K_buf_8_U                                           |     |    |     |      |      |      |        |      |         |          |        |
|   p_ZL5K_buf_9_U                                           |     |    |     |      |      |      |        |      |         |          |        |
|   p_ZL5V_buf_0_U                                           |     |    |     |      |      |      |        |      |         |          |        |
|   p_ZL5V_buf_10_U                                          |     |    |     |      |      |      |        |      |         |          |        |
|   p_ZL5V_buf_11_U                                          |     |    |     |      |      |      |        |      |         |          |        |
|   p_ZL5V_buf_12_U                                          |     |    |     |      |      |      |        |      |         |          |        |
|   p_ZL5V_buf_13_U                                          |     |    |     |      |      |      |        |      |         |          |        |
|   p_ZL5V_buf_14_U                                          |     |    |     |      |      |      |        |      |         |          |        |
|   p_ZL5V_buf_15_U                                          |     |    |     |      |      |      |        |      |         |          |        |
|   p_ZL5V_buf_1_U                                           |     |    |     |      |      |      |        |      |         |          |        |
|   p_ZL5V_buf_2_U                                           |     |    |     |      |      |      |        |      |         |          |        |
|   p_ZL5V_buf_3_U                                           |     |    |     |      |      |      |        |      |         |          |        |
|   p_ZL5V_buf_4_U                                           |     |    |     |      |      |      |        |      |         |          |        |
|   p_ZL5V_buf_5_U                                           |     |    |     |      |      |      |        |      |         |          |        |
|   p_ZL5V_buf_6_U                                           |     |    |     |      |      |      |        |      |         |          |        |
|   p_ZL5V_buf_7_U                                           |     |    |     |      |      |      |        |      |         |          |        |
|   p_ZL5V_buf_8_U                                           |     |    |     |      |      |      |        |      |         |          |        |
|   p_ZL5V_buf_9_U                                           |     |    |     |      |      |      |        |      |         |          |        |
+------------------------------------------------------------+-----+----+-----+------+------+------+--------+------+---------+----------+--------+


================================================================
== RTL Synthesis Fail Fast
================================================================
+-----------------------------------------------------------+-----------+--------+--------+
| Criteria                                                  | Guideline | Actual | Status |
+-----------------------------------------------------------+-----------+--------+--------+
| LUT                                                       | 70%       | 10.19% | OK     |
| FD                                                        | 50%       | 3.20%  | OK     |
| LUTRAM+SRL                                                | 25%       | 2.26%  | OK     |
| CARRY8                                                    | 25%       | 4.85%  | OK     |
| MUXF7                                                     | 15%       | 0.07%  | OK     |
| DSP                                                       | 80%       | 30.38% | OK     |
| RAMB/FIFO                                                 | 80%       | 5.61%  | OK     |
| URAM                                                      | 80%       | 33.33% | OK     |
| DSP+RAMB+URAM (Avg)                                       | 70%       | 23.11% | OK     |
| BUFGCE* + BUFGCTRL                                        | 24        | 0      | OK     |
| DONT_TOUCH (cells/nets)                                   | 0         | 8      | REVIEW |
| MARK_DEBUG (nets)                                         | 0         | 0      | OK     |
| Control Sets                                              | 4320      | 293    | OK     |
| Average Fanout for modules > 100k cells                   | 4         | 0.98   | OK     |
| Max Average Fanout for modules > 100k cells               | 4         | 0      | OK     |
| Non-FD high fanout nets > 10k loads                       | 0         | 0      | OK     |
+-----------------------------------------------------------+-----------+--------+--------+
| TIMING-6 (No common primary clock between related clocks) | 0         | 0      | OK     |
| TIMING-7 (No common node between related clocks)          | 0         | 0      | OK     |
| TIMING-8 (No common period between related clocks)        | 0         | 0      | OK     |
| TIMING-14 (LUT on the clock tree)                         | 0         | 0      | OK     |
| TIMING-35 (No common node in paths with the same clock)   | 0         | 0      | OK     |
+-----------------------------------------------------------+-----------+--------+--------+
| Number of paths above max LUT budgeting (0.300ns)         | 0         | 0      | OK     |
| Number of paths above max Net budgeting (0.208ns)         | 0         | 0      | OK     |
+-----------------------------------------------------------+-----------+--------+--------+


================================================================
== RTL Synthesis Timing Paths
================================================================
* Timing was met
+-------+---------------------+------------------------------------------------------------------------------------------------------+------------------------------------------------------------------------------------------------+--------------+------------+---------------------+---------------------+---------------------+
| Path  |               SLACK | STARTPOINT PIN                                                                                       | ENDPOINT PIN                                                                                   | LOGIC LEVELS | MAX FANOUT |      DATAPATH DELAY |      DATAPATH LOGIC |        DATAPATH NET |
|       |                     |                                                                                                      |                                                                                                |              |            |                     |               DELAY |               DELAY |
+-------+---------------------+------------------------------------------------------------------------------------------------------+------------------------------------------------------------------------------------------------+--------------+------------+---------------------+---------------------+---------------------+
| Path1 | 4.06940364837646484 | grp_online_attention_row_fu_1064/grp_online_attention_row_Pipeline_tokens_fu_1773/ap_CS_fsm_reg[0]/C | grp_online_attention_row_fu_1064/mul_32s_32s_64_1_1_U519/tmp_product__1/DSP_A_B_DATA_INST/B[8] |           24 |       3449 | 5.63224124908447266 | 3.35899972915649414 | 2.27323985099792480 |
| Path2 | 4.06940364837646484 | grp_online_attention_row_fu_1064/grp_online_attention_row_Pipeline_tokens_fu_1773/ap_CS_fsm_reg[0]/C | grp_online_attention_row_fu_1064/mul_32s_32s_64_1_1_U521/tmp_product__1/DSP_A_B_DATA_INST/B[8] |           24 |       3449 | 5.63224124908447266 | 3.35899972915649414 | 2.27323985099792480 |
| Path3 | 4.06940364837646484 | grp_online_attention_row_fu_1064/grp_online_attention_row_Pipeline_tokens_fu_1773/ap_CS_fsm_reg[0]/C | grp_online_attention_row_fu_1064/mul_32s_32s_64_1_1_U523/tmp_product__1/DSP_A_B_DATA_INST/B[8] |           24 |       3449 | 5.63224124908447266 | 3.35899972915649414 | 2.27323985099792480 |
| Path4 | 4.06940364837646484 | grp_online_attention_row_fu_1064/grp_online_attention_row_Pipeline_tokens_fu_1773/ap_CS_fsm_reg[0]/C | grp_online_attention_row_fu_1064/mul_32s_32s_64_1_1_U525/tmp_product__1/DSP_A_B_DATA_INST/B[8] |           24 |       3449 | 5.63224124908447266 | 3.35899972915649414 | 2.27323985099792480 |
| Path5 | 4.06940364837646484 | grp_online_attention_row_fu_1064/grp_online_attention_row_Pipeline_tokens_fu_1773/ap_CS_fsm_reg[0]/C | grp_online_attention_row_fu_1064/mul_32s_32s_64_1_1_U527/tmp_product__1/DSP_A_B_DATA_INST/B[8] |           24 |       3449 | 5.63224124908447266 | 3.35899972915649414 | 2.27323985099792480 |
+-------+---------------------+------------------------------------------------------------------------------------------------------+------------------------------------------------------------------------------------------------+--------------+------------+---------------------+---------------------+---------------------+

    +--------------------------------------------------------------------------------------------------------------------------------------------------+------------------------+
    | Path1 Cells                                                                                                                                      | Primitive Type         |
    +--------------------------------------------------------------------------------------------------------------------------------------------------+------------------------+
    | grp_online_attention_row_fu_1064/grp_online_attention_row_Pipeline_tokens_fu_1773/ap_CS_fsm_reg[0]                                               | REGISTER.SDR.FDSE      |
    | grp_online_attention_row_fu_1064/grp_online_attention_row_Pipeline_tokens_fu_1773/mul_32s_32s_64_1_1_U216/tmp_product_i_33__3                    | CLB.LUT.LUT2           |
    | grp_online_attention_row_fu_1064/grp_online_attention_row_Pipeline_tokens_fu_1773/mul_32s_32s_64_1_1_U222/tmp_product__1_i_9__0                  | CLB.LUT.LUT3           |
    | grp_online_attention_row_fu_1064/grp_online_attention_row_Pipeline_tokens_fu_1773/mul_32s_32s_64_1_1_U203/tmp_product__1/DSP_A_B_DATA_INST       | ARITHMETIC.DSP.DSP48E2 |
    | grp_online_attention_row_fu_1064/grp_online_attention_row_Pipeline_tokens_fu_1773/mul_32s_32s_64_1_1_U203/tmp_product__1/DSP_PREADD_DATA_INST    | ARITHMETIC.DSP.DSP48E2 |
    | grp_online_attention_row_fu_1064/grp_online_attention_row_Pipeline_tokens_fu_1773/mul_32s_32s_64_1_1_U203/tmp_product__1/DSP_MULTIPLIER_INST     | ARITHMETIC.DSP.DSP48E2 |
    | grp_online_attention_row_fu_1064/grp_online_attention_row_Pipeline_tokens_fu_1773/mul_32s_32s_64_1_1_U203/tmp_product__1/DSP_M_DATA_INST         | ARITHMETIC.DSP.DSP48E2 |
    | grp_online_attention_row_fu_1064/grp_online_attention_row_Pipeline_tokens_fu_1773/mul_32s_32s_64_1_1_U203/tmp_product__1/DSP_ALU_INST            | ARITHMETIC.DSP.DSP48E2 |
    | grp_online_attention_row_fu_1064/grp_online_attention_row_Pipeline_tokens_fu_1773/mul_32s_32s_64_1_1_U203/tmp_product__1/DSP_OUTPUT_INST         | ARITHMETIC.DSP.DSP48E2 |
    | grp_online_attention_row_fu_1064/grp_online_attention_row_Pipeline_tokens_fu_1773/mul_32s_32s_64_1_1_U203/tmp_product__2/DSP_ALU_INST            | ARITHMETIC.DSP.DSP48E2 |
    | grp_online_attention_row_fu_1064/grp_online_attention_row_Pipeline_tokens_fu_1773/mul_32s_32s_64_1_1_U203/tmp_product__2/DSP_OUTPUT_INST         | ARITHMETIC.DSP.DSP48E2 |
    | grp_online_attention_row_fu_1064/grp_online_attention_row_Pipeline_tokens_fu_1773/mul_32s_32s_64_1_1_U203/tmp_product_carry_i_7__5               | CLB.LUT.LUT2           |
    | grp_online_attention_row_fu_1064/grp_online_attention_row_Pipeline_tokens_fu_1773/mul_32s_32s_64_1_1_U203/tmp_product_carry                      | CLB.CARRY.CARRY8       |
    | grp_online_attention_row_fu_1064/grp_online_attention_row_Pipeline_tokens_fu_1773/mul_32s_32s_64_1_1_U203/tmp_product_carry__0                   | CLB.CARRY.CARRY8       |
    | grp_online_attention_row_fu_1064/grp_online_attention_row_Pipeline_tokens_fu_1773/mul_32s_32s_64_1_1_U203/tmp_product_carry__1                   | CLB.CARRY.CARRY8       |
    | grp_online_attention_row_fu_1064/grp_online_attention_row_Pipeline_tokens_fu_1773/mul_32s_32s_64_1_1_U203/tmp_product_carry__2                   | CLB.CARRY.CARRY8       |
    | grp_online_attention_row_fu_1064/grp_online_attention_row_Pipeline_tokens_fu_1773/mul_32s_32s_64_1_1_U203/tmp_product_carry__3                   | CLB.CARRY.CARRY8       |
    | grp_online_attention_row_fu_1064/grp_online_attention_row_Pipeline_tokens_fu_1773/mul_32s_32s_64_1_1_U203/tmp_product_carry__4                   | CLB.CARRY.CARRY8       |
    | grp_online_attention_row_fu_1064/grp_online_attention_row_Pipeline_tokens_fu_1773/mul_32s_32s_64_1_1_U203/ref_tmp38_12554_fu_646[31]_i_25        | CLB.LUT.LUT5           |
    | grp_online_attention_row_fu_1064/grp_online_attention_row_Pipeline_tokens_fu_1773/mul_32s_32s_64_1_1_U203/ref_tmp38_1_342588_fu_782[31]_i_47     | CLB.LUT.LUT4           |
    | grp_online_attention_row_fu_1064/grp_online_attention_row_Pipeline_tokens_fu_1773/mul_32s_16s_48_1_1_U172/ref_tmp38_1_342588_fu_782_reg[31]_i_32 | CLB.CARRY.CARRY8       |
    | grp_online_attention_row_fu_1064/grp_online_attention_row_Pipeline_tokens_fu_1773/mul_32s_16s_48_1_1_U172/ref_tmp38_1_342588_fu_782_reg[31]_i_23 | CLB.CARRY.CARRY8       |
    | grp_online_attention_row_fu_1064/grp_online_attention_row_Pipeline_tokens_fu_1773/mul_32s_16s_48_1_1_U172/ref_tmp38_1_342588_fu_782_reg[31]_i_13 | CLB.CARRY.CARRY8       |
    | grp_online_attention_row_fu_1064/grp_online_attention_row_Pipeline_tokens_fu_1773/mul_32s_16s_48_1_1_U172/ref_tmp38_1_342588_fu_782_reg[31]_i_3  | CLB.CARRY.CARRY8       |
    | grp_online_attention_row_fu_1064/grp_online_attention_row_Pipeline_tokens_fu_1773/mul_32s_16s_48_1_1_U172/ref_tmp38_1_342588_fu_782[8]_i_1       | CLB.LUT.LUT3           |
    | grp_online_attention_row_fu_1064/mul_32s_32s_64_1_1_U519/tmp_product__1/DSP_A_B_DATA_INST                                                        | ARITHMETIC.DSP.DSP48E2 |
    +--------------------------------------------------------------------------------------------------------------------------------------------------+------------------------+

    +--------------------------------------------------------------------------------------------------------------------------------------------------+------------------------+
    | Path2 Cells                                                                                                                                      | Primitive Type         |
    +--------------------------------------------------------------------------------------------------------------------------------------------------+------------------------+
    | grp_online_attention_row_fu_1064/grp_online_attention_row_Pipeline_tokens_fu_1773/ap_CS_fsm_reg[0]                                               | REGISTER.SDR.FDSE      |
    | grp_online_attention_row_fu_1064/grp_online_attention_row_Pipeline_tokens_fu_1773/mul_32s_32s_64_1_1_U216/tmp_product_i_33__3                    | CLB.LUT.LUT2           |
    | grp_online_attention_row_fu_1064/grp_online_attention_row_Pipeline_tokens_fu_1773/mul_32s_32s_64_1_1_U222/tmp_product__1_i_9__0                  | CLB.LUT.LUT3           |
    | grp_online_attention_row_fu_1064/grp_online_attention_row_Pipeline_tokens_fu_1773/mul_32s_32s_64_1_1_U205/tmp_product__1/DSP_A_B_DATA_INST       | ARITHMETIC.DSP.DSP48E2 |
    | grp_online_attention_row_fu_1064/grp_online_attention_row_Pipeline_tokens_fu_1773/mul_32s_32s_64_1_1_U205/tmp_product__1/DSP_PREADD_DATA_INST    | ARITHMETIC.DSP.DSP48E2 |
    | grp_online_attention_row_fu_1064/grp_online_attention_row_Pipeline_tokens_fu_1773/mul_32s_32s_64_1_1_U205/tmp_product__1/DSP_MULTIPLIER_INST     | ARITHMETIC.DSP.DSP48E2 |
    | grp_online_attention_row_fu_1064/grp_online_attention_row_Pipeline_tokens_fu_1773/mul_32s_32s_64_1_1_U205/tmp_product__1/DSP_M_DATA_INST         | ARITHMETIC.DSP.DSP48E2 |
    | grp_online_attention_row_fu_1064/grp_online_attention_row_Pipeline_tokens_fu_1773/mul_32s_32s_64_1_1_U205/tmp_product__1/DSP_ALU_INST            | ARITHMETIC.DSP.DSP48E2 |
    | grp_online_attention_row_fu_1064/grp_online_attention_row_Pipeline_tokens_fu_1773/mul_32s_32s_64_1_1_U205/tmp_product__1/DSP_OUTPUT_INST         | ARITHMETIC.DSP.DSP48E2 |
    | grp_online_attention_row_fu_1064/grp_online_attention_row_Pipeline_tokens_fu_1773/mul_32s_32s_64_1_1_U205/tmp_product__2/DSP_ALU_INST            | ARITHMETIC.DSP.DSP48E2 |
    | grp_online_attention_row_fu_1064/grp_online_attention_row_Pipeline_tokens_fu_1773/mul_32s_32s_64_1_1_U205/tmp_product__2/DSP_OUTPUT_INST         | ARITHMETIC.DSP.DSP48E2 |
    | grp_online_attention_row_fu_1064/grp_online_attention_row_Pipeline_tokens_fu_1773/mul_32s_32s_64_1_1_U205/tmp_product_carry_i_7__6               | CLB.LUT.LUT2           |
    | grp_online_attention_row_fu_1064/grp_online_attention_row_Pipeline_tokens_fu_1773/mul_32s_32s_64_1_1_U205/tmp_product_carry                      | CLB.CARRY.CARRY8       |
    | grp_online_attention_row_fu_1064/grp_online_attention_row_Pipeline_tokens_fu_1773/mul_32s_32s_64_1_1_U205/tmp_product_carry__0                   | CLB.CARRY.CARRY8       |
    | grp_online_attention_row_fu_1064/grp_online_attention_row_Pipeline_tokens_fu_1773/mul_32s_32s_64_1_1_U205/tmp_product_carry__1                   | CLB.CARRY.CARRY8       |
    | grp_online_attention_row_fu_1064/grp_online_attention_row_Pipeline_tokens_fu_1773/mul_32s_32s_64_1_1_U205/tmp_product_carry__2                   | CLB.CARRY.CARRY8       |
    | grp_online_attention_row_fu_1064/grp_online_attention_row_Pipeline_tokens_fu_1773/mul_32s_32s_64_1_1_U205/tmp_product_carry__3                   | CLB.CARRY.CARRY8       |
    | grp_online_attention_row_fu_1064/grp_online_attention_row_Pipeline_tokens_fu_1773/mul_32s_32s_64_1_1_U205/tmp_product_carry__4                   | CLB.CARRY.CARRY8       |
    | grp_online_attention_row_fu_1064/grp_online_attention_row_Pipeline_tokens_fu_1773/mul_32s_32s_64_1_1_U205/ref_tmp38_1_22556_fu_654[31]_i_25      | CLB.LUT.LUT5           |
    | grp_online_attention_row_fu_1064/grp_online_attention_row_Pipeline_tokens_fu_1773/mul_32s_32s_64_1_1_U205/ref_tmp38_1_362590_fu_790[31]_i_47     | CLB.LUT.LUT4           |
    | grp_online_attention_row_fu_1064/grp_online_attention_row_Pipeline_tokens_fu_1773/mul_32s_16s_48_1_1_U174/ref_tmp38_1_362590_fu_790_reg[31]_i_32 | CLB.CARRY.CARRY8       |
    | grp_online_attention_row_fu_1064/grp_online_attention_row_Pipeline_tokens_fu_1773/mul_32s_16s_48_1_1_U174/ref_tmp38_1_362590_fu_790_reg[31]_i_23 | CLB.CARRY.CARRY8       |
    | grp_online_attention_row_fu_1064/grp_online_attention_row_Pipeline_tokens_fu_1773/mul_32s_16s_48_1_1_U174/ref_tmp38_1_362590_fu_790_reg[31]_i_13 | CLB.CARRY.CARRY8       |
    | grp_online_attention_row_fu_1064/grp_online_attention_row_Pipeline_tokens_fu_1773/mul_32s_16s_48_1_1_U174/ref_tmp38_1_362590_fu_790_reg[31]_i_3  | CLB.CARRY.CARRY8       |
    | grp_online_attention_row_fu_1064/grp_online_attention_row_Pipeline_tokens_fu_1773/mul_32s_16s_48_1_1_U174/ref_tmp38_1_362590_fu_790[8]_i_1       | CLB.LUT.LUT3           |
    | grp_online_attention_row_fu_1064/mul_32s_32s_64_1_1_U521/tmp_product__1/DSP_A_B_DATA_INST                                                        | ARITHMETIC.DSP.DSP48E2 |
    +--------------------------------------------------------------------------------------------------------------------------------------------------+------------------------+

    +--------------------------------------------------------------------------------------------------------------------------------------------------+------------------------+
    | Path3 Cells                                                                                                                                      | Primitive Type         |
    +--------------------------------------------------------------------------------------------------------------------------------------------------+------------------------+
    | grp_online_attention_row_fu_1064/grp_online_attention_row_Pipeline_tokens_fu_1773/ap_CS_fsm_reg[0]                                               | REGISTER.SDR.FDSE      |
    | grp_online_attention_row_fu_1064/grp_online_attention_row_Pipeline_tokens_fu_1773/mul_32s_32s_64_1_1_U216/tmp_product_i_33__3                    | CLB.LUT.LUT2           |
    | grp_online_attention_row_fu_1064/grp_online_attention_row_Pipeline_tokens_fu_1773/mul_32s_32s_64_1_1_U222/tmp_product__1_i_9__0                  | CLB.LUT.LUT3           |
    | grp_online_attention_row_fu_1064/grp_online_attention_row_Pipeline_tokens_fu_1773/mul_32s_32s_64_1_1_U207/tmp_product__1/DSP_A_B_DATA_INST       | ARITHMETIC.DSP.DSP48E2 |
    | grp_online_attention_row_fu_1064/grp_online_attention_row_Pipeline_tokens_fu_1773/mul_32s_32s_64_1_1_U207/tmp_product__1/DSP_PREADD_DATA_INST    | ARITHMETIC.DSP.DSP48E2 |
    | grp_online_attention_row_fu_1064/grp_online_attention_row_Pipeline_tokens_fu_1773/mul_32s_32s_64_1_1_U207/tmp_product__1/DSP_MULTIPLIER_INST     | ARITHMETIC.DSP.DSP48E2 |
    | grp_online_attention_row_fu_1064/grp_online_attention_row_Pipeline_tokens_fu_1773/mul_32s_32s_64_1_1_U207/tmp_product__1/DSP_M_DATA_INST         | ARITHMETIC.DSP.DSP48E2 |
    | grp_online_attention_row_fu_1064/grp_online_attention_row_Pipeline_tokens_fu_1773/mul_32s_32s_64_1_1_U207/tmp_product__1/DSP_ALU_INST            | ARITHMETIC.DSP.DSP48E2 |
    | grp_online_attention_row_fu_1064/grp_online_attention_row_Pipeline_tokens_fu_1773/mul_32s_32s_64_1_1_U207/tmp_product__1/DSP_OUTPUT_INST         | ARITHMETIC.DSP.DSP48E2 |
    | grp_online_attention_row_fu_1064/grp_online_attention_row_Pipeline_tokens_fu_1773/mul_32s_32s_64_1_1_U207/tmp_product__2/DSP_ALU_INST            | ARITHMETIC.DSP.DSP48E2 |
    | grp_online_attention_row_fu_1064/grp_online_attention_row_Pipeline_tokens_fu_1773/mul_32s_32s_64_1_1_U207/tmp_product__2/DSP_OUTPUT_INST         | ARITHMETIC.DSP.DSP48E2 |
    | grp_online_attention_row_fu_1064/grp_online_attention_row_Pipeline_tokens_fu_1773/mul_32s_32s_64_1_1_U207/tmp_product_carry_i_7__7               | CLB.LUT.LUT2           |
    | grp_online_attention_row_fu_1064/grp_online_attention_row_Pipeline_tokens_fu_1773/mul_32s_32s_64_1_1_U207/tmp_product_carry                      | CLB.CARRY.CARRY8       |
    | grp_online_attention_row_fu_1064/grp_online_attention_row_Pipeline_tokens_fu_1773/mul_32s_32s_64_1_1_U207/tmp_product_carry__0                   | CLB.CARRY.CARRY8       |
    | grp_online_attention_row_fu_1064/grp_online_attention_row_Pipeline_tokens_fu_1773/mul_32s_32s_64_1_1_U207/tmp_product_carry__1                   | CLB.CARRY.CARRY8       |
    | grp_online_attention_row_fu_1064/grp_online_attention_row_Pipeline_tokens_fu_1773/mul_32s_32s_64_1_1_U207/tmp_product_carry__2                   | CLB.CARRY.CARRY8       |
    | grp_online_attention_row_fu_1064/grp_online_attention_row_Pipeline_tokens_fu_1773/mul_32s_32s_64_1_1_U207/tmp_product_carry__3                   | CLB.CARRY.CARRY8       |
    | grp_online_attention_row_fu_1064/grp_online_attention_row_Pipeline_tokens_fu_1773/mul_32s_32s_64_1_1_U207/tmp_product_carry__4                   | CLB.CARRY.CARRY8       |
    | grp_online_attention_row_fu_1064/grp_online_attention_row_Pipeline_tokens_fu_1773/mul_32s_32s_64_1_1_U207/ref_tmp38_1_42558_fu_662[31]_i_25      | CLB.LUT.LUT5           |
    | grp_online_attention_row_fu_1064/grp_online_attention_row_Pipeline_tokens_fu_1773/mul_32s_32s_64_1_1_U207/ref_tmp38_1_382592_fu_798[31]_i_47     | CLB.LUT.LUT4           |
    | grp_online_attention_row_fu_1064/grp_online_attention_row_Pipeline_tokens_fu_1773/mul_32s_16s_48_1_1_U176/ref_tmp38_1_382592_fu_798_reg[31]_i_32 | CLB.CARRY.CARRY8       |
    | grp_online_attention_row_fu_1064/grp_online_attention_row_Pipeline_tokens_fu_1773/mul_32s_16s_48_1_1_U176/ref_tmp38_1_382592_fu_798_reg[31]_i_23 | CLB.CARRY.CARRY8       |
    | grp_online_attention_row_fu_1064/grp_online_attention_row_Pipeline_tokens_fu_1773/mul_32s_16s_48_1_1_U176/ref_tmp38_1_382592_fu_798_reg[31]_i_13 | CLB.CARRY.CARRY8       |
    | grp_online_attention_row_fu_1064/grp_online_attention_row_Pipeline_tokens_fu_1773/mul_32s_16s_48_1_1_U176/ref_tmp38_1_382592_fu_798_reg[31]_i_3  | CLB.CARRY.CARRY8       |
    | grp_online_attention_row_fu_1064/grp_online_attention_row_Pipeline_tokens_fu_1773/mul_32s_16s_48_1_1_U176/ref_tmp38_1_382592_fu_798[8]_i_1       | CLB.LUT.LUT3           |
    | grp_online_attention_row_fu_1064/mul_32s_32s_64_1_1_U523/tmp_product__1/DSP_A_B_DATA_INST                                                        | ARITHMETIC.DSP.DSP48E2 |
    +--------------------------------------------------------------------------------------------------------------------------------------------------+------------------------+

    +--------------------------------------------------------------------------------------------------------------------------------------------------+------------------------+
    | Path4 Cells                                                                                                                                      | Primitive Type         |
    +--------------------------------------------------------------------------------------------------------------------------------------------------+------------------------+
    | grp_online_attention_row_fu_1064/grp_online_attention_row_Pipeline_tokens_fu_1773/ap_CS_fsm_reg[0]                                               | REGISTER.SDR.FDSE      |
    | grp_online_attention_row_fu_1064/grp_online_attention_row_Pipeline_tokens_fu_1773/mul_32s_32s_64_1_1_U216/tmp_product_i_33__3                    | CLB.LUT.LUT2           |
    | grp_online_attention_row_fu_1064/grp_online_attention_row_Pipeline_tokens_fu_1773/mul_32s_32s_64_1_1_U222/tmp_product__1_i_9__0                  | CLB.LUT.LUT3           |
    | grp_online_attention_row_fu_1064/grp_online_attention_row_Pipeline_tokens_fu_1773/mul_32s_32s_64_1_1_U209/tmp_product__1/DSP_A_B_DATA_INST       | ARITHMETIC.DSP.DSP48E2 |
    | grp_online_attention_row_fu_1064/grp_online_attention_row_Pipeline_tokens_fu_1773/mul_32s_32s_64_1_1_U209/tmp_product__1/DSP_PREADD_DATA_INST    | ARITHMETIC.DSP.DSP48E2 |
    | grp_online_attention_row_fu_1064/grp_online_attention_row_Pipeline_tokens_fu_1773/mul_32s_32s_64_1_1_U209/tmp_product__1/DSP_MULTIPLIER_INST     | ARITHMETIC.DSP.DSP48E2 |
    | grp_online_attention_row_fu_1064/grp_online_attention_row_Pipeline_tokens_fu_1773/mul_32s_32s_64_1_1_U209/tmp_product__1/DSP_M_DATA_INST         | ARITHMETIC.DSP.DSP48E2 |
    | grp_online_attention_row_fu_1064/grp_online_attention_row_Pipeline_tokens_fu_1773/mul_32s_32s_64_1_1_U209/tmp_product__1/DSP_ALU_INST            | ARITHMETIC.DSP.DSP48E2 |
    | grp_online_attention_row_fu_1064/grp_online_attention_row_Pipeline_tokens_fu_1773/mul_32s_32s_64_1_1_U209/tmp_product__1/DSP_OUTPUT_INST         | ARITHMETIC.DSP.DSP48E2 |
    | grp_online_attention_row_fu_1064/grp_online_attention_row_Pipeline_tokens_fu_1773/mul_32s_32s_64_1_1_U209/tmp_product__2/DSP_ALU_INST            | ARITHMETIC.DSP.DSP48E2 |
    | grp_online_attention_row_fu_1064/grp_online_attention_row_Pipeline_tokens_fu_1773/mul_32s_32s_64_1_1_U209/tmp_product__2/DSP_OUTPUT_INST         | ARITHMETIC.DSP.DSP48E2 |
    | grp_online_attention_row_fu_1064/grp_online_attention_row_Pipeline_tokens_fu_1773/mul_32s_32s_64_1_1_U209/tmp_product_carry_i_7__8               | CLB.LUT.LUT2           |
    | grp_online_attention_row_fu_1064/grp_online_attention_row_Pipeline_tokens_fu_1773/mul_32s_32s_64_1_1_U209/tmp_product_carry                      | CLB.CARRY.CARRY8       |
    | grp_online_attention_row_fu_1064/grp_online_attention_row_Pipeline_tokens_fu_1773/mul_32s_32s_64_1_1_U209/tmp_product_carry__0                   | CLB.CARRY.CARRY8       |
    | grp_online_attention_row_fu_1064/grp_online_attention_row_Pipeline_tokens_fu_1773/mul_32s_32s_64_1_1_U209/tmp_product_carry__1                   | CLB.CARRY.CARRY8       |
    | grp_online_attention_row_fu_1064/grp_online_attention_row_Pipeline_tokens_fu_1773/mul_32s_32s_64_1_1_U209/tmp_product_carry__2                   | CLB.CARRY.CARRY8       |
    | grp_online_attention_row_fu_1064/grp_online_attention_row_Pipeline_tokens_fu_1773/mul_32s_32s_64_1_1_U209/tmp_product_carry__3                   | CLB.CARRY.CARRY8       |
    | grp_online_attention_row_fu_1064/grp_online_attention_row_Pipeline_tokens_fu_1773/mul_32s_32s_64_1_1_U209/tmp_product_carry__4                   | CLB.CARRY.CARRY8       |
    | grp_online_attention_row_fu_1064/grp_online_attention_row_Pipeline_tokens_fu_1773/mul_32s_32s_64_1_1_U209/ref_tmp38_1_62560_fu_670[31]_i_25      | CLB.LUT.LUT5           |
    | grp_online_attention_row_fu_1064/grp_online_attention_row_Pipeline_tokens_fu_1773/mul_32s_32s_64_1_1_U209/ref_tmp38_1_402594_fu_806[31]_i_47     | CLB.LUT.LUT4           |
    | grp_online_attention_row_fu_1064/grp_online_attention_row_Pipeline_tokens_fu_1773/mul_32s_16s_48_1_1_U178/ref_tmp38_1_402594_fu_806_reg[31]_i_32 | CLB.CARRY.CARRY8       |
    | grp_online_attention_row_fu_1064/grp_online_attention_row_Pipeline_tokens_fu_1773/mul_32s_16s_48_1_1_U178/ref_tmp38_1_402594_fu_806_reg[31]_i_23 | CLB.CARRY.CARRY8       |
    | grp_online_attention_row_fu_1064/grp_online_attention_row_Pipeline_tokens_fu_1773/mul_32s_16s_48_1_1_U178/ref_tmp38_1_402594_fu_806_reg[31]_i_13 | CLB.CARRY.CARRY8       |
    | grp_online_attention_row_fu_1064/grp_online_attention_row_Pipeline_tokens_fu_1773/mul_32s_16s_48_1_1_U178/ref_tmp38_1_402594_fu_806_reg[31]_i_3  | CLB.CARRY.CARRY8       |
    | grp_online_attention_row_fu_1064/grp_online_attention_row_Pipeline_tokens_fu_1773/mul_32s_16s_48_1_1_U178/ref_tmp38_1_402594_fu_806[8]_i_1       | CLB.LUT.LUT3           |
    | grp_online_attention_row_fu_1064/mul_32s_32s_64_1_1_U525/tmp_product__1/DSP_A_B_DATA_INST                                                        | ARITHMETIC.DSP.DSP48E2 |
    +--------------------------------------------------------------------------------------------------------------------------------------------------+------------------------+

    +--------------------------------------------------------------------------------------------------------------------------------------------------+------------------------+
    | Path5 Cells                                                                                                                                      | Primitive Type         |
    +--------------------------------------------------------------------------------------------------------------------------------------------------+------------------------+
    | grp_online_attention_row_fu_1064/grp_online_attention_row_Pipeline_tokens_fu_1773/ap_CS_fsm_reg[0]                                               | REGISTER.SDR.FDSE      |
    | grp_online_attention_row_fu_1064/grp_online_attention_row_Pipeline_tokens_fu_1773/mul_32s_32s_64_1_1_U216/tmp_product_i_33__3                    | CLB.LUT.LUT2           |
    | grp_online_attention_row_fu_1064/grp_online_attention_row_Pipeline_tokens_fu_1773/mul_32s_32s_64_1_1_U222/tmp_product__1_i_9__0                  | CLB.LUT.LUT3           |
    | grp_online_attention_row_fu_1064/grp_online_attention_row_Pipeline_tokens_fu_1773/mul_32s_32s_64_1_1_U211/tmp_product__1/DSP_A_B_DATA_INST       | ARITHMETIC.DSP.DSP48E2 |
    | grp_online_attention_row_fu_1064/grp_online_attention_row_Pipeline_tokens_fu_1773/mul_32s_32s_64_1_1_U211/tmp_product__1/DSP_PREADD_DATA_INST    | ARITHMETIC.DSP.DSP48E2 |
    | grp_online_attention_row_fu_1064/grp_online_attention_row_Pipeline_tokens_fu_1773/mul_32s_32s_64_1_1_U211/tmp_product__1/DSP_MULTIPLIER_INST     | ARITHMETIC.DSP.DSP48E2 |
    | grp_online_attention_row_fu_1064/grp_online_attention_row_Pipeline_tokens_fu_1773/mul_32s_32s_64_1_1_U211/tmp_product__1/DSP_M_DATA_INST         | ARITHMETIC.DSP.DSP48E2 |
    | grp_online_attention_row_fu_1064/grp_online_attention_row_Pipeline_tokens_fu_1773/mul_32s_32s_64_1_1_U211/tmp_product__1/DSP_ALU_INST            | ARITHMETIC.DSP.DSP48E2 |
    | grp_online_attention_row_fu_1064/grp_online_attention_row_Pipeline_tokens_fu_1773/mul_32s_32s_64_1_1_U211/tmp_product__1/DSP_OUTPUT_INST         | ARITHMETIC.DSP.DSP48E2 |
    | grp_online_attention_row_fu_1064/grp_online_attention_row_Pipeline_tokens_fu_1773/mul_32s_32s_64_1_1_U211/tmp_product__2/DSP_ALU_INST            | ARITHMETIC.DSP.DSP48E2 |
    | grp_online_attention_row_fu_1064/grp_online_attention_row_Pipeline_tokens_fu_1773/mul_32s_32s_64_1_1_U211/tmp_product__2/DSP_OUTPUT_INST         | ARITHMETIC.DSP.DSP48E2 |
    | grp_online_attention_row_fu_1064/grp_online_attention_row_Pipeline_tokens_fu_1773/mul_32s_32s_64_1_1_U211/tmp_product_carry_i_7__9               | CLB.LUT.LUT2           |
    | grp_online_attention_row_fu_1064/grp_online_attention_row_Pipeline_tokens_fu_1773/mul_32s_32s_64_1_1_U211/tmp_product_carry                      | CLB.CARRY.CARRY8       |
    | grp_online_attention_row_fu_1064/grp_online_attention_row_Pipeline_tokens_fu_1773/mul_32s_32s_64_1_1_U211/tmp_product_carry__0                   | CLB.CARRY.CARRY8       |
    | grp_online_attention_row_fu_1064/grp_online_attention_row_Pipeline_tokens_fu_1773/mul_32s_32s_64_1_1_U211/tmp_product_carry__1                   | CLB.CARRY.CARRY8       |
    | grp_online_attention_row_fu_1064/grp_online_attention_row_Pipeline_tokens_fu_1773/mul_32s_32s_64_1_1_U211/tmp_product_carry__2                   | CLB.CARRY.CARRY8       |
    | grp_online_attention_row_fu_1064/grp_online_attention_row_Pipeline_tokens_fu_1773/mul_32s_32s_64_1_1_U211/tmp_product_carry__3                   | CLB.CARRY.CARRY8       |
    | grp_online_attention_row_fu_1064/grp_online_attention_row_Pipeline_tokens_fu_1773/mul_32s_32s_64_1_1_U211/tmp_product_carry__4                   | CLB.CARRY.CARRY8       |
    | grp_online_attention_row_fu_1064/grp_online_attention_row_Pipeline_tokens_fu_1773/mul_32s_32s_64_1_1_U211/ref_tmp38_1_82562_fu_678[31]_i_25      | CLB.LUT.LUT5           |
    | grp_online_attention_row_fu_1064/grp_online_attention_row_Pipeline_tokens_fu_1773/mul_32s_32s_64_1_1_U211/ref_tmp38_1_422596_fu_814[31]_i_47     | CLB.LUT.LUT4           |
    | grp_online_attention_row_fu_1064/grp_online_attention_row_Pipeline_tokens_fu_1773/mul_32s_16s_48_1_1_U180/ref_tmp38_1_422596_fu_814_reg[31]_i_32 | CLB.CARRY.CARRY8       |
    | grp_online_attention_row_fu_1064/grp_online_attention_row_Pipeline_tokens_fu_1773/mul_32s_16s_48_1_1_U180/ref_tmp38_1_422596_fu_814_reg[31]_i_23 | CLB.CARRY.CARRY8       |
    | grp_online_attention_row_fu_1064/grp_online_attention_row_Pipeline_tokens_fu_1773/mul_32s_16s_48_1_1_U180/ref_tmp38_1_422596_fu_814_reg[31]_i_13 | CLB.CARRY.CARRY8       |
    | grp_online_attention_row_fu_1064/grp_online_attention_row_Pipeline_tokens_fu_1773/mul_32s_16s_48_1_1_U180/ref_tmp38_1_422596_fu_814_reg[31]_i_3  | CLB.CARRY.CARRY8       |
    | grp_online_attention_row_fu_1064/grp_online_attention_row_Pipeline_tokens_fu_1773/mul_32s_16s_48_1_1_U180/ref_tmp38_1_422596_fu_814[8]_i_1       | CLB.LUT.LUT3           |
    | grp_online_attention_row_fu_1064/mul_32s_32s_64_1_1_U527/tmp_product__1/DSP_A_B_DATA_INST                                                        | ARITHMETIC.DSP.DSP48E2 |
    +--------------------------------------------------------------------------------------------------------------------------------------------------+------------------------+


================================================================
== RTL Synthesis Vivado Reports
================================================================
+--------------------------+-----------------------------------------------------------------+
| Report Type              | Report Location                                                 |
+--------------------------+-----------------------------------------------------------------+
| design_analysis          | impl/verilog/report/mhsa_top_design_analysis_synth.rpt          |
| failfast                 | impl/verilog/report/mhsa_top_failfast_synth.rpt                 |
| power                    | impl/verilog/report/mhsa_top_power_synth.rpt                    |
| timing                   | impl/verilog/report/mhsa_top_timing_synth.rpt                   |
| timing_paths             | impl/verilog/report/mhsa_top_timing_paths_synth.rpt             |
| utilization              | impl/verilog/report/mhsa_top_utilization_synth.rpt              |
| utilization_hierarchical | impl/verilog/report/mhsa_top_utilization_hierarchical_synth.rpt |
+--------------------------+-----------------------------------------------------------------+


