================================================================
== Design Size Report
================================================================

* Total Instructions per Compilation Phase
+---------------+----------------------------+--------------+----------------------------------------------------------------------------------------+
| Phase         | Step                       | Instructions | Description                                                                            |
+---------------+----------------------------+--------------+----------------------------------------------------------------------------------------+
| Compile/Link  |                            | 18,530       | After all functions are compiled and linked into a single design                       |
|               |                            |              |                                                                                        |
| Unroll/Inline |                            |              | After user unroll and inline pragmas are applied                                       |
|               | (1) unroll                 | 16,568       | user unroll pragmas are applied                                                        |
|               | (2) simplification         |  7,345       | simplification of applied user unroll pragmas                                          |
|               | (3) inline                 |  6,886       | user inline pragmas are applied                                                        |
|               | (4) simplification         |  6,870       | simplification of applied user inline pragmas                                          |
|               |                            |              |                                                                                        |
| Array/Struct  |                            |              | After user array partition and struct aggregate/disaggregate pragmas are applied       |
|               | (1) array partition        | 10,214       | user array partition pragmas are applied                                               |
|               | (2) simplification         |  7,084       | simplification of applied user array partition & struct aggregate/disaggregate pragmas |
|               | (3) aggregate/disaggregate |  7,084       | user struct aggregate/disaggregate pragmas are applied                                 |
|               | (4) array reshape          |  7,084       | apply array reshape pragmas                                                            |
|               | (5) access patterns        |  7,410       | array access pattern optmizations                                                      |
|               |                            |              |                                                                                        |
| Performance   |                            |              | After transformations are applied to meet performance pragma targets                   |
|               | (1) loop simplification    |  7,345       | loop and instruction simplification                                                    |
|               | (2) parallelization        |  7,152       | loops are unrolled or pipelined to meet performance targets                            |
|               | (3) array partition        |  7,279       | arrays are partitioned to meet performance targets                                     |
|               | (4) simplification         |  7,142       | simplification of design after performance transformations                             |
|               |                            |              |                                                                                        |
| HW Transforms |                            |              | After hardware transfomations                                                          |
|               | (1) lowering               |  7,158       | initial conversion to HW specific instructions                                         |
|               | (2) optimizations          |  7,181       | high level synthesis optimizations                                                     |
+---------------+----------------------------+--------------+----------------------------------------------------------------------------------------+

* Instructions per Function for each Compilation Phase
+-------------------------+-----------------------+------------------+---------------+--------------+-------------+---------------+
| Function                | Location              | Compile/Link     | Unroll/Inline | Array/Struct | Performance | HW Transforms |
+-------------------------+-----------------------+------------------+---------------+--------------+-------------+---------------+
| + mhsa_top              | mhsa_top.cpp:40       | 18,530           | 6,870         | 7,410        | 7,142       | 7,181         |
|  + online_attention_row | online_attention.h:17 | 18,403           | 6,792         | 6,563        | 6,424       | 6,428         |
|   + exp_diff            | online_attention.h:8  | 11,164 (2 calls) |               |              |             |               |
|      pwl_exp            | pwl_exp.h:40          | 10,522 (2 calls) |               |              |             |               |
+-------------------------+-----------------------+------------------+---------------+--------------+-------------+---------------+

* Design Size Message Settings
+---------------------------------------------+--------+------------------------------------------------------------------+
| Message Setting                             | Value  | Description                                                      |
+---------------------------------------------+--------+------------------------------------------------------------------+
| config_compile -design_size_maximum_warning | 100000 | Show a warning when total design instructions exceeds this value |
+---------------------------------------------+--------+------------------------------------------------------------------+


