

================================================================
== Vitis HLS Report for 'mhsa_top_Pipeline_load_kv_VITIS_LOOP_91_1'
================================================================
* Date:           Wed Aug 26 15:47:40 2026

* Version:        2025.2 (Build 6295257 on Nov 14 2025)
* Project:        vit_base16
* Solution:       hls (Vivado IP Flow Target)
* Product family: zynquplus
* Target device:  xczu7ev-ffvc1156-2-e


================================================================
== Performance Estimates
================================================================
+ Timing: 
    * Summary: 
    +--------+----------+----------+------------+
    |  Clock |  Target  | Estimated| Uncertainty|
    +--------+----------+----------+------------+
    |ap_clk  |  10.00 ns|  7.300 ns|     2.70 ns|
    +--------+----------+----------+------------+

+ Latency: 
    * Summary: 
    +---------+---------+----------+----------+-----+-----+-------------------+
    |  Latency (cycles) |  Latency (absolute) |  Interval |      Pipeline     |
    |   min   |   max   |    min   |    max   | min | max |        Type       |
    +---------+---------+----------+----------+-----+-----+-------------------+
    |    12619|    12619|  0.126 ms|  0.126 ms|    0|    0|  loop pipeline stp|
    +---------+---------+----------+----------+-----+-----+-------------------+

    + Detail: 
        * Instance: 
        N/A

        * Loop: 
        +---------------------------+---------+---------+----------+-----------+-----------+-------+----------+
        |                           |  Latency (cycles) | Iteration|  Initiation Interval  |  Trip |          |
        |         Loop Name         |   min   |   max   |  Latency |  achieved |   target  | Count | Pipelined|
        +---------------------------+---------+---------+----------+-----------+-----------+-------+----------+
        |- load_kv_VITIS_LOOP_91_1  |    12617|    12617|        11|          1|          1|  12608|       yes|
        +---------------------------+---------+---------+----------+-----------+-----------+-------+----------+



================================================================
== Utilization Estimates
================================================================
* Summary: 
+-----------------+---------+------+--------+--------+-----+
|       Name      | BRAM_18K|  DSP |   FF   |   LUT  | URAM|
+-----------------+---------+------+--------+--------+-----+
|DSP              |        -|     -|       -|       -|    -|
|Expression       |        -|     -|       0|     309|    -|
|FIFO             |        -|     -|       -|       -|    -|
|Instance         |        -|     -|       -|       -|    -|
|Memory           |        -|     -|       -|       -|    -|
|Multiplexer      |        -|     -|       0|     108|    -|
|Register         |        -|     -|     422|      96|    -|
+-----------------+---------+------+--------+--------+-----+
|Total            |        0|     0|     422|     513|    0|
+-----------------+---------+------+--------+--------+-----+
|Available        |      624|  1728|  460800|  230400|   96|
+-----------------+---------+------+--------+--------+-----+
|Utilization (%)  |        0|     0|      ~0|      ~0|    0|
+-----------------+---------+------+--------+--------+-----+

+ Detail: 
    * Instance: 
    N/A

    * DSP: 
    N/A

    * Memory: 
    N/A

    * FIFO: 
    N/A

    * Expression: 
    +--------------------------------+----------+----+---+----+------------+------------+
    |          Variable Name         | Operation| DSP| FF| LUT| Bitwidth P0| Bitwidth P1|
    +--------------------------------+----------+----+---+----+------------+------------+
    |add_ln90_1_fu_914_p2            |         +|   0|  0|  71|          64|          64|
    |add_ln90_2_fu_920_p2            |         +|   0|  0|  71|          64|          64|
    |add_ln90_3_fu_836_p2            |         +|   0|  0|  15|           8|           1|
    |add_ln90_4_fu_824_p2            |         +|   0|  0|  21|          14|           1|
    |add_ln90_fu_896_p2              |         +|   0|  0|  18|          18|          18|
    |add_ln91_fu_1014_p2             |         +|   0|  0|  14|           7|           1|
    |sub_ln90_fu_890_p2              |         -|   0|  0|  18|          18|          18|
    |ap_block_pp0_stage0_11001_grp1  |       and|   0|  0|   2|           1|           1|
    |ap_block_pp0_stage0_11001_grp2  |       and|   0|  0|   2|           1|           1|
    |ap_block_pp0_stage0_11001_grp3  |       and|   0|  0|   2|           1|           1|
    |ap_block_pp0_stage0_11001_grp4  |       and|   0|  0|   2|           1|           1|
    |ap_block_state2_io_grp1         |       and|   0|  0|   2|           1|           1|
    |ap_block_state2_io_grp2         |       and|   0|  0|   2|           1|           1|
    |first_iter_0_fu_864_p2          |      icmp|   0|  0|  14|           7|           1|
    |icmp_ln90_fu_818_p2             |      icmp|   0|  0|  21|          14|          13|
    |icmp_ln91_fu_842_p2             |      icmp|   0|  0|  15|           7|           8|
    |ap_block_pp0_stage0_11001       |        or|   0|  0|   2|           1|           1|
    |select_ln90_1_fu_856_p3         |    select|   0|  0|   8|           1|           8|
    |select_ln90_fu_848_p3           |    select|   0|  0|   7|           1|           1|
    |ap_enable_pp0                   |       xor|   0|  0|   2|           1|           2|
    +--------------------------------+----------+----+---+----+------------+------------+
    |Total                           |          |   0|  0| 309|         231|         207|
    +--------------------------------+----------+----+---+----+------------+------------+

    * Multiplexer: 
    +--------------------------------------+----+-----------+-----+-----------+
    |                 Name                 | LUT| Input Size| Bits| Total Bits|
    +--------------------------------------+----+-----------+-----+-----------+
    |ap_done_int                           |   9|          2|    1|          2|
    |ap_enable_reg_pp0_iter1               |   9|          2|    1|          2|
    |ap_sig_allocacmp_i_load               |   9|          2|    8|         16|
    |ap_sig_allocacmp_indvar_flatten_load  |   9|          2|   14|         28|
    |ap_sig_allocacmp_j_load               |   9|          2|    7|         14|
    |gmem_k_blk_n_AR                       |   9|          2|    1|          2|
    |gmem_k_blk_n_R                        |   9|          2|    1|          2|
    |gmem_v_blk_n_AR                       |   9|          2|    1|          2|
    |gmem_v_blk_n_R                        |   9|          2|    1|          2|
    |i_fu_202                              |   9|          2|    8|         16|
    |indvar_flatten_fu_206                 |   9|          2|   14|         28|
    |j_fu_198                              |   9|          2|    7|         14|
    +--------------------------------------+----+-----------+-----+-----------+
    |Total                                 | 108|         24|   64|        128|
    +--------------------------------------+----+-----------+-----+-----------+

    * Register: 
    +-------------------------------------------+----+----+-----+-----------+
    |                    Name                   | FF | LUT| Bits| Const Bits|
    +-------------------------------------------+----+----+-----+-----------+
    |ap_CS_fsm                                  |   1|   0|    1|          0|
    |ap_block_pp0_stage0_subdone_grp0_done_reg  |   1|   0|    1|          0|
    |ap_block_pp0_stage0_subdone_grp1_done_reg  |   1|   0|    1|          0|
    |ap_block_pp0_stage0_subdone_grp2_done_reg  |   1|   0|    1|          0|
    |ap_block_pp0_stage0_subdone_grp3_done_reg  |   1|   0|    1|          0|
    |ap_block_pp0_stage0_subdone_grp4_done_reg  |   1|   0|    1|          0|
    |ap_done_reg                                |   1|   0|    1|          0|
    |ap_enable_reg_pp0_iter1                    |   1|   0|    1|          0|
    |ap_enable_reg_pp0_iter10                   |   1|   0|    1|          0|
    |ap_enable_reg_pp0_iter2                    |   1|   0|    1|          0|
    |ap_enable_reg_pp0_iter3                    |   1|   0|    1|          0|
    |ap_enable_reg_pp0_iter4                    |   1|   0|    1|          0|
    |ap_enable_reg_pp0_iter5                    |   1|   0|    1|          0|
    |ap_enable_reg_pp0_iter6                    |   1|   0|    1|          0|
    |ap_enable_reg_pp0_iter7                    |   1|   0|    1|          0|
    |ap_enable_reg_pp0_iter8                    |   1|   0|    1|          0|
    |ap_enable_reg_pp0_iter9                    |   1|   0|    1|          0|
    |ap_loop_exit_ready_pp0_iter1_reg           |   1|   0|    1|          0|
    |ap_loop_exit_ready_pp0_iter2_reg           |   1|   0|    1|          0|
    |ap_loop_exit_ready_pp0_iter3_reg           |   1|   0|    1|          0|
    |ap_loop_exit_ready_pp0_iter4_reg           |   1|   0|    1|          0|
    |ap_loop_exit_ready_pp0_iter5_reg           |   1|   0|    1|          0|
    |ap_loop_exit_ready_pp0_iter6_reg           |   1|   0|    1|          0|
    |ap_loop_exit_ready_pp0_iter7_reg           |   1|   0|    1|          0|
    |ap_loop_exit_ready_pp0_iter8_reg           |   1|   0|    1|          0|
    |ap_loop_exit_ready_pp0_iter9_reg           |   1|   0|    1|          0|
    |first_iter_0_reg_1107                      |   1|   0|    1|          0|
    |gmem_k_addr_read_reg_1132                  |  16|   0|   16|          0|
    |gmem_k_addr_reg_1111                       |  64|   0|   64|          0|
    |gmem_v_addr_read_reg_1152                  |  16|   0|   16|          0|
    |gmem_v_addr_reg_1117                       |  64|   0|   64|          0|
    |i_fu_202                                   |   8|   0|    8|          0|
    |indvar_flatten_fu_206                      |  14|   0|   14|          0|
    |j_fu_198                                   |   7|   0|    7|          0|
    |lshr_ln_reg_1127                           |   2|   0|    2|          0|
    |select_ln90_1_reg_1102                     |   8|   0|    8|          0|
    |trunc_ln91_reg_1123                        |   4|   0|    4|          0|
    |lshr_ln_reg_1127                           |  64|  32|    2|          0|
    |select_ln90_1_reg_1102                     |  64|  32|    8|          0|
    |trunc_ln91_reg_1123                        |  64|  32|    4|          0|
    +-------------------------------------------+----+----+-----+-----------+
    |Total                                      | 422|  96|  244|          0|
    +-------------------------------------------+----+----+-----+-----------+



================================================================
== Interface
================================================================
* Summary: 
+-------------------------+-----+-----+------------+-------------------------------------------+--------------+
|        RTL Ports        | Dir | Bits|  Protocol  |               Source Object               |    C Type    |
+-------------------------+-----+-----+------------+-------------------------------------------+--------------+
|ap_clk                   |   in|    1|  ap_ctrl_hs|  mhsa_top_Pipeline_load_kv_VITIS_LOOP_91_1|  return value|
|ap_rst                   |   in|    1|  ap_ctrl_hs|  mhsa_top_Pipeline_load_kv_VITIS_LOOP_91_1|  return value|
|ap_start                 |   in|    1|  ap_ctrl_hs|  mhsa_top_Pipeline_load_kv_VITIS_LOOP_91_1|  return value|
|ap_done                  |  out|    1|  ap_ctrl_hs|  mhsa_top_Pipeline_load_kv_VITIS_LOOP_91_1|  return value|
|ap_idle                  |  out|    1|  ap_ctrl_hs|  mhsa_top_Pipeline_load_kv_VITIS_LOOP_91_1|  return value|
|ap_ready                 |  out|    1|  ap_ctrl_hs|  mhsa_top_Pipeline_load_kv_VITIS_LOOP_91_1|  return value|
|m_axi_gmem_k_0_AWVALID   |  out|    1|       m_axi|                                     gmem_k|       pointer|
|m_axi_gmem_k_0_AWREADY   |   in|    1|       m_axi|                                     gmem_k|       pointer|
|m_axi_gmem_k_0_AWADDR    |  out|   64|       m_axi|                                     gmem_k|       pointer|
|m_axi_gmem_k_0_AWID      |  out|    1|       m_axi|                                     gmem_k|       pointer|
|m_axi_gmem_k_0_AWLEN     |  out|   32|       m_axi|                                     gmem_k|       pointer|
|m_axi_gmem_k_0_AWSIZE    |  out|    3|       m_axi|                                     gmem_k|       pointer|
|m_axi_gmem_k_0_AWBURST   |  out|    2|       m_axi|                                     gmem_k|       pointer|
|m_axi_gmem_k_0_AWLOCK    |  out|    2|       m_axi|                                     gmem_k|       pointer|
|m_axi_gmem_k_0_AWCACHE   |  out|    4|       m_axi|                                     gmem_k|       pointer|
|m_axi_gmem_k_0_AWPROT    |  out|    3|       m_axi|                                     gmem_k|       pointer|
|m_axi_gmem_k_0_AWQOS     |  out|    4|       m_axi|                                     gmem_k|       pointer|
|m_axi_gmem_k_0_AWREGION  |  out|    4|       m_axi|                                     gmem_k|       pointer|
|m_axi_gmem_k_0_AWUSER    |  out|    1|       m_axi|                                     gmem_k|       pointer|
|m_axi_gmem_k_0_WVALID    |  out|    1|       m_axi|                                     gmem_k|       pointer|
|m_axi_gmem_k_0_WREADY    |   in|    1|       m_axi|                                     gmem_k|       pointer|
|m_axi_gmem_k_0_WDATA     |  out|   16|       m_axi|                                     gmem_k|       pointer|
|m_axi_gmem_k_0_WSTRB     |  out|    2|       m_axi|                                     gmem_k|       pointer|
|m_axi_gmem_k_0_WLAST     |  out|    1|       m_axi|                                     gmem_k|       pointer|
|m_axi_gmem_k_0_WID       |  out|    1|       m_axi|                                     gmem_k|       pointer|
|m_axi_gmem_k_0_WUSER     |  out|    1|       m_axi|                                     gmem_k|       pointer|
|m_axi_gmem_k_0_ARVALID   |  out|    1|       m_axi|                                     gmem_k|       pointer|
|m_axi_gmem_k_0_ARREADY   |   in|    1|       m_axi|                                     gmem_k|       pointer|
|m_axi_gmem_k_0_ARADDR    |  out|   64|       m_axi|                                     gmem_k|       pointer|
|m_axi_gmem_k_0_ARID      |  out|    1|       m_axi|                                     gmem_k|       pointer|
|m_axi_gmem_k_0_ARLEN     |  out|   32|       m_axi|                                     gmem_k|       pointer|
|m_axi_gmem_k_0_ARSIZE    |  out|    3|       m_axi|                                     gmem_k|       pointer|
|m_axi_gmem_k_0_ARBURST   |  out|    2|       m_axi|                                     gmem_k|       pointer|
|m_axi_gmem_k_0_ARLOCK    |  out|    2|       m_axi|                                     gmem_k|       pointer|
|m_axi_gmem_k_0_ARCACHE   |  out|    4|       m_axi|                                     gmem_k|       pointer|
|m_axi_gmem_k_0_ARPROT    |  out|    3|       m_axi|                                     gmem_k|       pointer|
|m_axi_gmem_k_0_ARQOS     |  out|    4|       m_axi|                                     gmem_k|       pointer|
|m_axi_gmem_k_0_ARREGION  |  out|    4|       m_axi|                                     gmem_k|       pointer|
|m_axi_gmem_k_0_ARUSER    |  out|    1|       m_axi|                                     gmem_k|       pointer|
|m_axi_gmem_k_0_RVALID    |   in|    1|       m_axi|                                     gmem_k|       pointer|
|m_axi_gmem_k_0_RREADY    |  out|    1|       m_axi|                                     gmem_k|       pointer|
|m_axi_gmem_k_0_RDATA     |   in|   16|       m_axi|                                     gmem_k|       pointer|
|m_axi_gmem_k_0_RLAST     |   in|    1|       m_axi|                                     gmem_k|       pointer|
|m_axi_gmem_k_0_RID       |   in|    1|       m_axi|                                     gmem_k|       pointer|
|m_axi_gmem_k_0_RFIFONUM  |   in|   10|       m_axi|                                     gmem_k|       pointer|
|m_axi_gmem_k_0_RUSER     |   in|    1|       m_axi|                                     gmem_k|       pointer|
|m_axi_gmem_k_0_RRESP     |   in|    2|       m_axi|                                     gmem_k|       pointer|
|m_axi_gmem_k_0_BVALID    |   in|    1|       m_axi|                                     gmem_k|       pointer|
|m_axi_gmem_k_0_BREADY    |  out|    1|       m_axi|                                     gmem_k|       pointer|
|m_axi_gmem_k_0_BRESP     |   in|    2|       m_axi|                                     gmem_k|       pointer|
|m_axi_gmem_k_0_BID       |   in|    1|       m_axi|                                     gmem_k|       pointer|
|m_axi_gmem_k_0_BUSER     |   in|    1|       m_axi|                                     gmem_k|       pointer|
|m_axi_gmem_v_0_AWVALID   |  out|    1|       m_axi|                                     gmem_v|       pointer|
|m_axi_gmem_v_0_AWREADY   |   in|    1|       m_axi|                                     gmem_v|       pointer|
|m_axi_gmem_v_0_AWADDR    |  out|   64|       m_axi|                                     gmem_v|       pointer|
|m_axi_gmem_v_0_AWID      |  out|    1|       m_axi|                                     gmem_v|       pointer|
|m_axi_gmem_v_0_AWLEN     |  out|   32|       m_axi|                                     gmem_v|       pointer|
|m_axi_gmem_v_0_AWSIZE    |  out|    3|       m_axi|                                     gmem_v|       pointer|
|m_axi_gmem_v_0_AWBURST   |  out|    2|       m_axi|                                     gmem_v|       pointer|
|m_axi_gmem_v_0_AWLOCK    |  out|    2|       m_axi|                                     gmem_v|       pointer|
|m_axi_gmem_v_0_AWCACHE   |  out|    4|       m_axi|                                     gmem_v|       pointer|
|m_axi_gmem_v_0_AWPROT    |  out|    3|       m_axi|                                     gmem_v|       pointer|
|m_axi_gmem_v_0_AWQOS     |  out|    4|       m_axi|                                     gmem_v|       pointer|
|m_axi_gmem_v_0_AWREGION  |  out|    4|       m_axi|                                     gmem_v|       pointer|
|m_axi_gmem_v_0_AWUSER    |  out|    1|       m_axi|                                     gmem_v|       pointer|
|m_axi_gmem_v_0_WVALID    |  out|    1|       m_axi|                                     gmem_v|       pointer|
|m_axi_gmem_v_0_WREADY    |   in|    1|       m_axi|                                     gmem_v|       pointer|
|m_axi_gmem_v_0_WDATA     |  out|   16|       m_axi|                                     gmem_v|       pointer|
|m_axi_gmem_v_0_WSTRB     |  out|    2|       m_axi|                                     gmem_v|       pointer|
|m_axi_gmem_v_0_WLAST     |  out|    1|       m_axi|                                     gmem_v|       pointer|
|m_axi_gmem_v_0_WID       |  out|    1|       m_axi|                                     gmem_v|       pointer|
|m_axi_gmem_v_0_WUSER     |  out|    1|       m_axi|                                     gmem_v|       pointer|
|m_axi_gmem_v_0_ARVALID   |  out|    1|       m_axi|                                     gmem_v|       pointer|
|m_axi_gmem_v_0_ARREADY   |   in|    1|       m_axi|                                     gmem_v|       pointer|
|m_axi_gmem_v_0_ARADDR    |  out|   64|       m_axi|                                     gmem_v|       pointer|
|m_axi_gmem_v_0_ARID      |  out|    1|       m_axi|                                     gmem_v|       pointer|
|m_axi_gmem_v_0_ARLEN     |  out|   32|       m_axi|                                     gmem_v|       pointer|
|m_axi_gmem_v_0_ARSIZE    |  out|    3|       m_axi|                                     gmem_v|       pointer|
|m_axi_gmem_v_0_ARBURST   |  out|    2|       m_axi|                                     gmem_v|       pointer|
|m_axi_gmem_v_0_ARLOCK    |  out|    2|       m_axi|                                     gmem_v|       pointer|
|m_axi_gmem_v_0_ARCACHE   |  out|    4|       m_axi|                                     gmem_v|       pointer|
|m_axi_gmem_v_0_ARPROT    |  out|    3|       m_axi|                                     gmem_v|       pointer|
|m_axi_gmem_v_0_ARQOS     |  out|    4|       m_axi|                                     gmem_v|       pointer|
|m_axi_gmem_v_0_ARREGION  |  out|    4|       m_axi|                                     gmem_v|       pointer|
|m_axi_gmem_v_0_ARUSER    |  out|    1|       m_axi|                                     gmem_v|       pointer|
|m_axi_gmem_v_0_RVALID    |   in|    1|       m_axi|                                     gmem_v|       pointer|
|m_axi_gmem_v_0_RREADY    |  out|    1|       m_axi|                                     gmem_v|       pointer|
|m_axi_gmem_v_0_RDATA     |   in|   16|       m_axi|                                     gmem_v|       pointer|
|m_axi_gmem_v_0_RLAST     |   in|    1|       m_axi|                                     gmem_v|       pointer|
|m_axi_gmem_v_0_RID       |   in|    1|       m_axi|                                     gmem_v|       pointer|
|m_axi_gmem_v_0_RFIFONUM  |   in|   10|       m_axi|                                     gmem_v|       pointer|
|m_axi_gmem_v_0_RUSER     |   in|    1|       m_axi|                                     gmem_v|       pointer|
|m_axi_gmem_v_0_RRESP     |   in|    2|       m_axi|                                     gmem_v|       pointer|
|m_axi_gmem_v_0_BVALID    |   in|    1|       m_axi|                                     gmem_v|       pointer|
|m_axi_gmem_v_0_BREADY    |  out|    1|       m_axi|                                     gmem_v|       pointer|
|m_axi_gmem_v_0_BRESP     |   in|    2|       m_axi|                                     gmem_v|       pointer|
|m_axi_gmem_v_0_BID       |   in|    1|       m_axi|                                     gmem_v|       pointer|
|m_axi_gmem_v_0_BUSER     |   in|    1|       m_axi|                                     gmem_v|       pointer|
|zext_ln90                |   in|   10|     ap_none|                                  zext_ln90|        scalar|
|V                        |   in|   64|     ap_none|                                          V|        scalar|
|K                        |   in|   64|     ap_none|                                          K|        scalar|
|p_ZL5K_buf_0_address1    |  out|   10|   ap_memory|                               p_ZL5K_buf_0|         array|
|p_ZL5K_buf_0_ce1         |  out|    1|   ap_memory|                               p_ZL5K_buf_0|         array|
|p_ZL5K_buf_0_we1         |  out|    1|   ap_memory|                               p_ZL5K_buf_0|         array|
|p_ZL5K_buf_0_d1          |  out|   16|   ap_memory|                               p_ZL5K_buf_0|         array|
|p_ZL5V_buf_0_address1    |  out|   10|   ap_memory|                               p_ZL5V_buf_0|         array|
|p_ZL5V_buf_0_ce1         |  out|    1|   ap_memory|                               p_ZL5V_buf_0|         array|
|p_ZL5V_buf_0_we1         |  out|    1|   ap_memory|                               p_ZL5V_buf_0|         array|
|p_ZL5V_buf_0_d1          |  out|   16|   ap_memory|                               p_ZL5V_buf_0|         array|
|p_ZL5K_buf_1_address1    |  out|   10|   ap_memory|                               p_ZL5K_buf_1|         array|
|p_ZL5K_buf_1_ce1         |  out|    1|   ap_memory|                               p_ZL5K_buf_1|         array|
|p_ZL5K_buf_1_we1         |  out|    1|   ap_memory|                               p_ZL5K_buf_1|         array|
|p_ZL5K_buf_1_d1          |  out|   16|   ap_memory|                               p_ZL5K_buf_1|         array|
|p_ZL5V_buf_1_address1    |  out|   10|   ap_memory|                               p_ZL5V_buf_1|         array|
|p_ZL5V_buf_1_ce1         |  out|    1|   ap_memory|                               p_ZL5V_buf_1|         array|
|p_ZL5V_buf_1_we1         |  out|    1|   ap_memory|                               p_ZL5V_buf_1|         array|
|p_ZL5V_buf_1_d1          |  out|   16|   ap_memory|                               p_ZL5V_buf_1|         array|
|p_ZL5K_buf_2_address1    |  out|   10|   ap_memory|                               p_ZL5K_buf_2|         array|
|p_ZL5K_buf_2_ce1         |  out|    1|   ap_memory|                               p_ZL5K_buf_2|         array|
|p_ZL5K_buf_2_we1         |  out|    1|   ap_memory|                               p_ZL5K_buf_2|         array|
|p_ZL5K_buf_2_d1          |  out|   16|   ap_memory|                               p_ZL5K_buf_2|         array|
|p_ZL5V_buf_2_address1    |  out|   10|   ap_memory|                               p_ZL5V_buf_2|         array|
|p_ZL5V_buf_2_ce1         |  out|    1|   ap_memory|                               p_ZL5V_buf_2|         array|
|p_ZL5V_buf_2_we1         |  out|    1|   ap_memory|                               p_ZL5V_buf_2|         array|
|p_ZL5V_buf_2_d1          |  out|   16|   ap_memory|                               p_ZL5V_buf_2|         array|
|p_ZL5K_buf_3_address1    |  out|   10|   ap_memory|                               p_ZL5K_buf_3|         array|
|p_ZL5K_buf_3_ce1         |  out|    1|   ap_memory|                               p_ZL5K_buf_3|         array|
|p_ZL5K_buf_3_we1         |  out|    1|   ap_memory|                               p_ZL5K_buf_3|         array|
|p_ZL5K_buf_3_d1          |  out|   16|   ap_memory|                               p_ZL5K_buf_3|         array|
|p_ZL5V_buf_3_address1    |  out|   10|   ap_memory|                               p_ZL5V_buf_3|         array|
|p_ZL5V_buf_3_ce1         |  out|    1|   ap_memory|                               p_ZL5V_buf_3|         array|
|p_ZL5V_buf_3_we1         |  out|    1|   ap_memory|                               p_ZL5V_buf_3|         array|
|p_ZL5V_buf_3_d1          |  out|   16|   ap_memory|                               p_ZL5V_buf_3|         array|
|p_ZL5K_buf_4_address1    |  out|   10|   ap_memory|                               p_ZL5K_buf_4|         array|
|p_ZL5K_buf_4_ce1         |  out|    1|   ap_memory|                               p_ZL5K_buf_4|         array|
|p_ZL5K_buf_4_we1         |  out|    1|   ap_memory|                               p_ZL5K_buf_4|         array|
|p_ZL5K_buf_4_d1          |  out|   16|   ap_memory|                               p_ZL5K_buf_4|         array|
|p_ZL5V_buf_4_address1    |  out|   10|   ap_memory|                               p_ZL5V_buf_4|         array|
|p_ZL5V_buf_4_ce1         |  out|    1|   ap_memory|                               p_ZL5V_buf_4|         array|
|p_ZL5V_buf_4_we1         |  out|    1|   ap_memory|                               p_ZL5V_buf_4|         array|
|p_ZL5V_buf_4_d1          |  out|   16|   ap_memory|                               p_ZL5V_buf_4|         array|
|p_ZL5K_buf_5_address1    |  out|   10|   ap_memory|                               p_ZL5K_buf_5|         array|
|p_ZL5K_buf_5_ce1         |  out|    1|   ap_memory|                               p_ZL5K_buf_5|         array|
|p_ZL5K_buf_5_we1         |  out|    1|   ap_memory|                               p_ZL5K_buf_5|         array|
|p_ZL5K_buf_5_d1          |  out|   16|   ap_memory|                               p_ZL5K_buf_5|         array|
|p_ZL5V_buf_5_address1    |  out|   10|   ap_memory|                               p_ZL5V_buf_5|         array|
|p_ZL5V_buf_5_ce1         |  out|    1|   ap_memory|                               p_ZL5V_buf_5|         array|
|p_ZL5V_buf_5_we1         |  out|    1|   ap_memory|                               p_ZL5V_buf_5|         array|
|p_ZL5V_buf_5_d1          |  out|   16|   ap_memory|                               p_ZL5V_buf_5|         array|
|p_ZL5K_buf_6_address1    |  out|   10|   ap_memory|                               p_ZL5K_buf_6|         array|
|p_ZL5K_buf_6_ce1         |  out|    1|   ap_memory|                               p_ZL5K_buf_6|         array|
|p_ZL5K_buf_6_we1         |  out|    1|   ap_memory|                               p_ZL5K_buf_6|         array|
|p_ZL5K_buf_6_d1          |  out|   16|   ap_memory|                               p_ZL5K_buf_6|         array|
|p_ZL5V_buf_6_address1    |  out|   10|   ap_memory|                               p_ZL5V_buf_6|         array|
|p_ZL5V_buf_6_ce1         |  out|    1|   ap_memory|                               p_ZL5V_buf_6|         array|
|p_ZL5V_buf_6_we1         |  out|    1|   ap_memory|                               p_ZL5V_buf_6|         array|
|p_ZL5V_buf_6_d1          |  out|   16|   ap_memory|                               p_ZL5V_buf_6|         array|
|p_ZL5K_buf_7_address1    |  out|   10|   ap_memory|                               p_ZL5K_buf_7|         array|
|p_ZL5K_buf_7_ce1         |  out|    1|   ap_memory|                               p_ZL5K_buf_7|         array|
|p_ZL5K_buf_7_we1         |  out|    1|   ap_memory|                               p_ZL5K_buf_7|         array|
|p_ZL5K_buf_7_d1          |  out|   16|   ap_memory|                               p_ZL5K_buf_7|         array|
|p_ZL5V_buf_7_address1    |  out|   10|   ap_memory|                               p_ZL5V_buf_7|         array|
|p_ZL5V_buf_7_ce1         |  out|    1|   ap_memory|                               p_ZL5V_buf_7|         array|
|p_ZL5V_buf_7_we1         |  out|    1|   ap_memory|                               p_ZL5V_buf_7|         array|
|p_ZL5V_buf_7_d1          |  out|   16|   ap_memory|                               p_ZL5V_buf_7|         array|
|p_ZL5K_buf_8_address1    |  out|   10|   ap_memory|                               p_ZL5K_buf_8|         array|
|p_ZL5K_buf_8_ce1         |  out|    1|   ap_memory|                               p_ZL5K_buf_8|         array|
|p_ZL5K_buf_8_we1         |  out|    1|   ap_memory|                               p_ZL5K_buf_8|         array|
|p_ZL5K_buf_8_d1          |  out|   16|   ap_memory|                               p_ZL5K_buf_8|         array|
|p_ZL5V_buf_8_address1    |  out|   10|   ap_memory|                               p_ZL5V_buf_8|         array|
|p_ZL5V_buf_8_ce1         |  out|    1|   ap_memory|                               p_ZL5V_buf_8|         array|
|p_ZL5V_buf_8_we1         |  out|    1|   ap_memory|                               p_ZL5V_buf_8|         array|
|p_ZL5V_buf_8_d1          |  out|   16|   ap_memory|                               p_ZL5V_buf_8|         array|
|p_ZL5K_buf_9_address1    |  out|   10|   ap_memory|                               p_ZL5K_buf_9|         array|
|p_ZL5K_buf_9_ce1         |  out|    1|   ap_memory|                               p_ZL5K_buf_9|         array|
|p_ZL5K_buf_9_we1         |  out|    1|   ap_memory|                               p_ZL5K_buf_9|         array|
|p_ZL5K_buf_9_d1          |  out|   16|   ap_memory|                               p_ZL5K_buf_9|         array|
|p_ZL5V_buf_9_address1    |  out|   10|   ap_memory|                               p_ZL5V_buf_9|         array|
|p_ZL5V_buf_9_ce1         |  out|    1|   ap_memory|                               p_ZL5V_buf_9|         array|
|p_ZL5V_buf_9_we1         |  out|    1|   ap_memory|                               p_ZL5V_buf_9|         array|
|p_ZL5V_buf_9_d1          |  out|   16|   ap_memory|                               p_ZL5V_buf_9|         array|
|p_ZL5K_buf_10_address1   |  out|   10|   ap_memory|                              p_ZL5K_buf_10|         array|
|p_ZL5K_buf_10_ce1        |  out|    1|   ap_memory|                              p_ZL5K_buf_10|         array|
|p_ZL5K_buf_10_we1        |  out|    1|   ap_memory|                              p_ZL5K_buf_10|         array|
|p_ZL5K_buf_10_d1         |  out|   16|   ap_memory|                              p_ZL5K_buf_10|         array|
|p_ZL5V_buf_10_address1   |  out|   10|   ap_memory|                              p_ZL5V_buf_10|         array|
|p_ZL5V_buf_10_ce1        |  out|    1|   ap_memory|                              p_ZL5V_buf_10|         array|
|p_ZL5V_buf_10_we1        |  out|    1|   ap_memory|                              p_ZL5V_buf_10|         array|
|p_ZL5V_buf_10_d1         |  out|   16|   ap_memory|                              p_ZL5V_buf_10|         array|
|p_ZL5K_buf_11_address1   |  out|   10|   ap_memory|                              p_ZL5K_buf_11|         array|
|p_ZL5K_buf_11_ce1        |  out|    1|   ap_memory|                              p_ZL5K_buf_11|         array|
|p_ZL5K_buf_11_we1        |  out|    1|   ap_memory|                              p_ZL5K_buf_11|         array|
|p_ZL5K_buf_11_d1         |  out|   16|   ap_memory|                              p_ZL5K_buf_11|         array|
|p_ZL5V_buf_11_address1   |  out|   10|   ap_memory|                              p_ZL5V_buf_11|         array|
|p_ZL5V_buf_11_ce1        |  out|    1|   ap_memory|                              p_ZL5V_buf_11|         array|
|p_ZL5V_buf_11_we1        |  out|    1|   ap_memory|                              p_ZL5V_buf_11|         array|
|p_ZL5V_buf_11_d1         |  out|   16|   ap_memory|                              p_ZL5V_buf_11|         array|
|p_ZL5K_buf_12_address1   |  out|   10|   ap_memory|                              p_ZL5K_buf_12|         array|
|p_ZL5K_buf_12_ce1        |  out|    1|   ap_memory|                              p_ZL5K_buf_12|         array|
|p_ZL5K_buf_12_we1        |  out|    1|   ap_memory|                              p_ZL5K_buf_12|         array|
|p_ZL5K_buf_12_d1         |  out|   16|   ap_memory|                              p_ZL5K_buf_12|         array|
|p_ZL5V_buf_12_address1   |  out|   10|   ap_memory|                              p_ZL5V_buf_12|         array|
|p_ZL5V_buf_12_ce1        |  out|    1|   ap_memory|                              p_ZL5V_buf_12|         array|
|p_ZL5V_buf_12_we1        |  out|    1|   ap_memory|                              p_ZL5V_buf_12|         array|
|p_ZL5V_buf_12_d1         |  out|   16|   ap_memory|                              p_ZL5V_buf_12|         array|
|p_ZL5K_buf_13_address1   |  out|   10|   ap_memory|                              p_ZL5K_buf_13|         array|
|p_ZL5K_buf_13_ce1        |  out|    1|   ap_memory|                              p_ZL5K_buf_13|         array|
|p_ZL5K_buf_13_we1        |  out|    1|   ap_memory|                              p_ZL5K_buf_13|         array|
|p_ZL5K_buf_13_d1         |  out|   16|   ap_memory|                              p_ZL5K_buf_13|         array|
|p_ZL5V_buf_13_address1   |  out|   10|   ap_memory|                              p_ZL5V_buf_13|         array|
|p_ZL5V_buf_13_ce1        |  out|    1|   ap_memory|                              p_ZL5V_buf_13|         array|
|p_ZL5V_buf_13_we1        |  out|    1|   ap_memory|                              p_ZL5V_buf_13|         array|
|p_ZL5V_buf_13_d1         |  out|   16|   ap_memory|                              p_ZL5V_buf_13|         array|
|p_ZL5K_buf_14_address1   |  out|   10|   ap_memory|                              p_ZL5K_buf_14|         array|
|p_ZL5K_buf_14_ce1        |  out|    1|   ap_memory|                              p_ZL5K_buf_14|         array|
|p_ZL5K_buf_14_we1        |  out|    1|   ap_memory|                              p_ZL5K_buf_14|         array|
|p_ZL5K_buf_14_d1         |  out|   16|   ap_memory|                              p_ZL5K_buf_14|         array|
|p_ZL5V_buf_14_address1   |  out|   10|   ap_memory|                              p_ZL5V_buf_14|         array|
|p_ZL5V_buf_14_ce1        |  out|    1|   ap_memory|                              p_ZL5V_buf_14|         array|
|p_ZL5V_buf_14_we1        |  out|    1|   ap_memory|                              p_ZL5V_buf_14|         array|
|p_ZL5V_buf_14_d1         |  out|   16|   ap_memory|                              p_ZL5V_buf_14|         array|
|p_ZL5K_buf_15_address1   |  out|   10|   ap_memory|                              p_ZL5K_buf_15|         array|
|p_ZL5K_buf_15_ce1        |  out|    1|   ap_memory|                              p_ZL5K_buf_15|         array|
|p_ZL5K_buf_15_we1        |  out|    1|   ap_memory|                              p_ZL5K_buf_15|         array|
|p_ZL5K_buf_15_d1         |  out|   16|   ap_memory|                              p_ZL5K_buf_15|         array|
|p_ZL5V_buf_15_address1   |  out|   10|   ap_memory|                              p_ZL5V_buf_15|         array|
|p_ZL5V_buf_15_ce1        |  out|    1|   ap_memory|                              p_ZL5V_buf_15|         array|
|p_ZL5V_buf_15_we1        |  out|    1|   ap_memory|                              p_ZL5V_buf_15|         array|
|p_ZL5V_buf_15_d1         |  out|   16|   ap_memory|                              p_ZL5V_buf_15|         array|
+-------------------------+-----+-----+------------+-------------------------------------------+--------------+

