

================================================================
== Vitis HLS Report for 'mhsa_top'
================================================================
* Date:           Wed Aug 26 15:47:57 2026

* Version:        2025.2 (Build 6295257 on Nov 14 2025)
* Project:        vit_base16
* Solution:       hls (Vivado IP Flow Target)
* Product family: zynquplus
* Target device:  xczu7ev-ffvc1156-2-e


================================================================
== Performance Estimates
================================================================
+ Timing: 
    * Summary: 
    +--------+----------+----------+------------+
    |  Clock |  Target  | Estimated| Uncertainty|
    +--------+----------+----------+------------+
    |ap_clk  |  10.00 ns|  7.300 ns|     2.70 ns|
    +--------+----------+----------+------------+

+ Latency: 
    * Summary: 
    +---------+---------+-----------+-----------+---------+---------+---------+
    |  Latency (cycles) |   Latency (absolute)  |      Interval     | Pipeline|
    |   min   |   max   |    min    |    max    |   min   |   max   |   Type  |
    +---------+---------+-----------+-----------+---------+---------+---------+
    |  1621873|  1647877|  16.219 ms|  16.479 ms|  1621874|  1647878|       no|
    +---------+---------+-----------+-----------+---------+---------+---------+

    + Detail: 
        * Instance: 
        +------------------------------------------------------+-------------------------------------------+---------+---------+----------+----------+-----+-----+-------------------+
        |                                                      |                                           |  Latency (cycles) |  Latency (absolute) |  Interval |      Pipeline     |
        |                       Instance                       |                   Module                  |   min   |   max   |    min   |    max   | min | max |        Type       |
        +------------------------------------------------------+-------------------------------------------+---------+---------+----------+----------+-----+-----+-------------------+
        |grp_mhsa_top_Pipeline_load_kv_VITIS_LOOP_91_1_fu_854  |mhsa_top_Pipeline_load_kv_VITIS_LOOP_91_1  |    12619|    12619|  0.126 ms|  0.126 ms|    0|    0|  loop pipeline stp|
        |grp_mhsa_top_Pipeline_load_q_fu_929                   |mhsa_top_Pipeline_load_q                   |       67|       67|  0.670 us|  0.670 us|    0|    0|  loop pipeline stp|
        |grp_online_attention_row_fu_1064                      |online_attention_row                       |      468|      479|  4.680 us|  4.790 us|  468|  479|                 no|
        |grp_mhsa_top_Pipeline_store_o_fu_1213                 |mhsa_top_Pipeline_store_o                  |       67|       67|  0.670 us|  0.670 us|    0|    0|  loop pipeline stp|
        +------------------------------------------------------+-------------------------------------------+---------+---------+----------+----------+-----+-----+-------------------+

        * Loop: 
        +----------+---------+---------+-----------------+-----------+-----------+------+----------+
        |          |  Latency (cycles) |    Iteration    |  Initiation Interval  | Trip |          |
        | Loop Name|   min   |   max   |     Latency     |  achieved |   target  | Count| Pipelined|
        +----------+---------+---------+-----------------+-----------+-----------+------+----------+
        |- heads   |  1621872|  1647876|  135156 ~ 137323|          -|          -|    12|        no|
        | + rows   |   122534|   124701|        622 ~ 633|          -|          -|   197|        no|
        +----------+---------+---------+-----------------+-----------+-----------+------+----------+



================================================================
== Utilization Estimates
================================================================
* Summary: 
+-----------------+---------+------+--------+--------+-----+
|       Name      | BRAM_18K|  DSP |   FF   |   LUT  | URAM|
+-----------------+---------+------+--------+--------+-----+
|DSP              |        -|     -|       -|       -|    -|
|Expression       |        -|     -|       0|     232|    -|
|FIFO             |        -|     -|       -|       -|    -|
|Instance         |        6|   527|   20424|   47528|    0|
|Memory           |        0|     -|    1024|      32|   32|
|Multiplexer      |        -|     -|       0|    2670|    -|
|Register         |        -|     -|    1488|       -|    -|
+-----------------+---------+------+--------+--------+-----+
|Total            |        6|   527|   22936|   50462|   32|
+-----------------+---------+------+--------+--------+-----+
|Available        |      624|  1728|  460800|  230400|   96|
+-----------------+---------+------+--------+--------+-----+
|Utilization (%)  |       ~0|    30|       4|      21|   33|
+-----------------+---------+------+--------+--------+-----+

+ Detail: 
    * Instance: 
    +------------------------------------------------------+-------------------------------------------+---------+-----+-------+-------+-----+
    |                       Instance                       |                   Module                  | BRAM_18K| DSP |   FF  |  LUT  | URAM|
    +------------------------------------------------------+-------------------------------------------+---------+-----+-------+-------+-----+
    |control_s_axi_U                                       |control_s_axi                              |        0|    0|    346|    600|    0|
    |gmem_k_m_axi_U                                        |gmem_k_m_axi                               |        2|    0|    696|    734|    0|
    |gmem_o_m_axi_U                                        |gmem_o_m_axi                               |        0|    0|    611|    666|    0|
    |gmem_q_m_axi_U                                        |gmem_q_m_axi                               |        2|    0|    696|    734|    0|
    |gmem_v_m_axi_U                                        |gmem_v_m_axi                               |        2|    0|    696|    734|    0|
    |grp_mhsa_top_Pipeline_load_kv_VITIS_LOOP_91_1_fu_854  |mhsa_top_Pipeline_load_kv_VITIS_LOOP_91_1  |        0|    0|    422|    513|    0|
    |grp_mhsa_top_Pipeline_load_q_fu_929                   |mhsa_top_Pipeline_load_q                   |        0|    0|   1124|    654|    0|
    |grp_mhsa_top_Pipeline_store_o_fu_1213                 |mhsa_top_Pipeline_store_o                  |        0|    0|     48|    143|    0|
    |grp_online_attention_row_fu_1064                      |online_attention_row                       |        0|  527|  15785|  42750|    0|
    +------------------------------------------------------+-------------------------------------------+---------+-----+-------+-------+-----+
    |Total                                                 |                                           |        6|  527|  20424|  47528|    0|
    +------------------------------------------------------+-------------------------------------------+---------+-----+-------+-------+-----+

    * DSP: 
    N/A

    * Memory: 
    +-----------------+-------------------------------+---------+----+----+-----+------+-----+------+-------------+
    |      Memory     |             Module            | BRAM_18K| FF | LUT| URAM| Words| Bits| Banks| W*Bits*Banks|
    +-----------------+-------------------------------+---------+----+----+-----+------+-----+------+-------------+
    |O_row_U          |O_row_RAM_AUTO_1R1W            |        0|  64|   2|    0|     4|   32|     1|          128|
    |O_row_1_U        |O_row_RAM_AUTO_1R1W            |        0|  64|   2|    0|     4|   32|     1|          128|
    |O_row_2_U        |O_row_RAM_AUTO_1R1W            |        0|  64|   2|    0|     4|   32|     1|          128|
    |O_row_3_U        |O_row_RAM_AUTO_1R1W            |        0|  64|   2|    0|     4|   32|     1|          128|
    |O_row_4_U        |O_row_RAM_AUTO_1R1W            |        0|  64|   2|    0|     4|   32|     1|          128|
    |O_row_5_U        |O_row_RAM_AUTO_1R1W            |        0|  64|   2|    0|     4|   32|     1|          128|
    |O_row_6_U        |O_row_RAM_AUTO_1R1W            |        0|  64|   2|    0|     4|   32|     1|          128|
    |O_row_7_U        |O_row_RAM_AUTO_1R1W            |        0|  64|   2|    0|     4|   32|     1|          128|
    |O_row_8_U        |O_row_RAM_AUTO_1R1W            |        0|  64|   2|    0|     4|   32|     1|          128|
    |O_row_9_U        |O_row_RAM_AUTO_1R1W            |        0|  64|   2|    0|     4|   32|     1|          128|
    |O_row_10_U       |O_row_RAM_AUTO_1R1W            |        0|  64|   2|    0|     4|   32|     1|          128|
    |O_row_11_U       |O_row_RAM_AUTO_1R1W            |        0|  64|   2|    0|     4|   32|     1|          128|
    |O_row_12_U       |O_row_RAM_AUTO_1R1W            |        0|  64|   2|    0|     4|   32|     1|          128|
    |O_row_13_U       |O_row_RAM_AUTO_1R1W            |        0|  64|   2|    0|     4|   32|     1|          128|
    |O_row_14_U       |O_row_RAM_AUTO_1R1W            |        0|  64|   2|    0|     4|   32|     1|          128|
    |O_row_15_U       |O_row_RAM_AUTO_1R1W            |        0|  64|   2|    0|     4|   32|     1|          128|
    |p_ZL5K_buf_0_U   |p_ZL5K_buf_0_RAM_2P_URAM_1R1W  |        0|   0|   0|    1|   788|   16|     1|        12608|
    |p_ZL5V_buf_0_U   |p_ZL5K_buf_0_RAM_2P_URAM_1R1W  |        0|   0|   0|    1|   788|   16|     1|        12608|
    |p_ZL5K_buf_1_U   |p_ZL5K_buf_0_RAM_2P_URAM_1R1W  |        0|   0|   0|    1|   788|   16|     1|        12608|
    |p_ZL5V_buf_1_U   |p_ZL5K_buf_0_RAM_2P_URAM_1R1W  |        0|   0|   0|    1|   788|   16|     1|        12608|
    |p_ZL5K_buf_2_U   |p_ZL5K_buf_0_RAM_2P_URAM_1R1W  |        0|   0|   0|    1|   788|   16|     1|        12608|
    |p_ZL5V_buf_2_U   |p_ZL5K_buf_0_RAM_2P_URAM_1R1W  |        0|   0|   0|    1|   788|   16|     1|        12608|
    |p_ZL5K_buf_3_U   |p_ZL5K_buf_0_RAM_2P_URAM_1R1W  |        0|   0|   0|    1|   788|   16|     1|        12608|
    |p_ZL5V_buf_3_U   |p_ZL5K_buf_0_RAM_2P_URAM_1R1W  |        0|   0|   0|    1|   788|   16|     1|        12608|
    |p_ZL5K_buf_4_U   |p_ZL5K_buf_0_RAM_2P_URAM_1R1W  |        0|   0|   0|    1|   788|   16|     1|        12608|
    |p_ZL5V_buf_4_U   |p_ZL5K_buf_0_RAM_2P_URAM_1R1W  |        0|   0|   0|    1|   788|   16|     1|        12608|
    |p_ZL5K_buf_5_U   |p_ZL5K_buf_0_RAM_2P_URAM_1R1W  |        0|   0|   0|    1|   788|   16|     1|        12608|
    |p_ZL5V_buf_5_U   |p_ZL5K_buf_0_RAM_2P_URAM_1R1W  |        0|   0|   0|    1|   788|   16|     1|        12608|
    |p_ZL5K_buf_6_U   |p_ZL5K_buf_0_RAM_2P_URAM_1R1W  |        0|   0|   0|    1|   788|   16|     1|        12608|
    |p_ZL5V_buf_6_U   |p_ZL5K_buf_0_RAM_2P_URAM_1R1W  |        0|   0|   0|    1|   788|   16|     1|        12608|
    |p_ZL5K_buf_7_U   |p_ZL5K_buf_0_RAM_2P_URAM_1R1W  |        0|   0|   0|    1|   788|   16|     1|        12608|
    |p_ZL5V_buf_7_U   |p_ZL5K_buf_0_RAM_2P_URAM_1R1W  |        0|   0|   0|    1|   788|   16|     1|        12608|
    |p_ZL5K_buf_8_U   |p_ZL5K_buf_0_RAM_2P_URAM_1R1W  |        0|   0|   0|    1|   788|   16|     1|        12608|
    |p_ZL5V_buf_8_U   |p_ZL5K_buf_0_RAM_2P_URAM_1R1W  |        0|   0|   0|    1|   788|   16|     1|        12608|
    |p_ZL5K_buf_9_U   |p_ZL5K_buf_0_RAM_2P_URAM_1R1W  |        0|   0|   0|    1|   788|   16|     1|        12608|
    |p_ZL5V_buf_9_U   |p_ZL5K_buf_0_RAM_2P_URAM_1R1W  |        0|   0|   0|    1|   788|   16|     1|        12608|
    |p_ZL5K_buf_10_U  |p_ZL5K_buf_0_RAM_2P_URAM_1R1W  |        0|   0|   0|    1|   788|   16|     1|        12608|
    |p_ZL5V_buf_10_U  |p_ZL5K_buf_0_RAM_2P_URAM_1R1W  |        0|   0|   0|    1|   788|   16|     1|        12608|
    |p_ZL5K_buf_11_U  |p_ZL5K_buf_0_RAM_2P_URAM_1R1W  |        0|   0|   0|    1|   788|   16|     1|        12608|
    |p_ZL5V_buf_11_U  |p_ZL5K_buf_0_RAM_2P_URAM_1R1W  |        0|   0|   0|    1|   788|   16|     1|        12608|
    |p_ZL5K_buf_12_U  |p_ZL5K_buf_0_RAM_2P_URAM_1R1W  |        0|   0|   0|    1|   788|   16|     1|        12608|
    |p_ZL5V_buf_12_U  |p_ZL5K_buf_0_RAM_2P_URAM_1R1W  |        0|   0|   0|    1|   788|   16|     1|        12608|
    |p_ZL5K_buf_13_U  |p_ZL5K_buf_0_RAM_2P_URAM_1R1W  |        0|   0|   0|    1|   788|   16|     1|        12608|
    |p_ZL5V_buf_13_U  |p_ZL5K_buf_0_RAM_2P_URAM_1R1W  |        0|   0|   0|    1|   788|   16|     1|        12608|
    |p_ZL5K_buf_14_U  |p_ZL5K_buf_0_RAM_2P_URAM_1R1W  |        0|   0|   0|    1|   788|   16|     1|        12608|
    |p_ZL5V_buf_14_U  |p_ZL5K_buf_0_RAM_2P_URAM_1R1W  |        0|   0|   0|    1|   788|   16|     1|        12608|
    |p_ZL5K_buf_15_U  |p_ZL5K_buf_0_RAM_2P_URAM_1R1W  |        0|   0|   0|    1|   788|   16|     1|        12608|
    |p_ZL5V_buf_15_U  |p_ZL5K_buf_0_RAM_2P_URAM_1R1W  |        0|   0|   0|    1|   788|   16|     1|        12608|
    +-----------------+-------------------------------+---------+----+----+-----+------+-----+------+-------------+
    |Total            |                               |        0|1024|  32|   32| 25280| 1024|    48|       405504|
    +-----------------+-------------------------------+---------+----+----+-----+------+-----+------+-------------+

    * FIFO: 
    N/A

    * Expression: 
    +------------------------+----------+----+---+----+------------+------------+
    |      Variable Name     | Operation| DSP| FF| LUT| Bitwidth P0| Bitwidth P1|
    +------------------------+----------+----+---+----+------------+------------+
    |add_ln102_1_fu_1323_p2  |         +|   0|  0|  71|          64|          64|
    |add_ln102_2_fu_1350_p2  |         +|   0|  0|  71|          64|          64|
    |add_ln102_fu_1306_p2    |         +|   0|  0|  18|          18|          18|
    |add_ln84_fu_1250_p2     |         +|   0|  0|  12|           4|           1|
    |add_ln99_fu_1274_p2     |         +|   0|  0|  15|           8|           1|
    |sub_ln102_fu_1300_p2    |         -|   0|  0|  18|          18|          18|
    |icmp_ln84_fu_1244_p2    |      icmp|   0|  0|  12|           4|           4|
    |icmp_ln99_fu_1268_p2    |      icmp|   0|  0|  15|           8|           7|
    +------------------------+----------+----+---+----+------------+------------+
    |Total                   |          |   0|  0| 232|         188|         177|
    +------------------------+----------+----+---+----+------------+------------+

    * Multiplexer: 
    +------------------------+-----+-----------+-----+-----------+
    |          Name          | LUT | Input Size| Bits| Total Bits|
    +------------------------+-----+-----------+-----+-----------+
    |O_row_10_address0       |   14|          3|    2|          6|
    |O_row_10_ce0            |   14|          3|    1|          3|
    |O_row_10_ce1            |    9|          2|    1|          2|
    |O_row_10_we0            |    9|          2|    1|          2|
    |O_row_10_we1            |    9|          2|    1|          2|
    |O_row_11_address0       |   14|          3|    2|          6|
    |O_row_11_ce0            |   14|          3|    1|          3|
    |O_row_11_ce1            |    9|          2|    1|          2|
    |O_row_11_we0            |    9|          2|    1|          2|
    |O_row_11_we1            |    9|          2|    1|          2|
    |O_row_12_address0       |   14|          3|    2|          6|
    |O_row_12_ce0            |   14|          3|    1|          3|
    |O_row_12_ce1            |    9|          2|    1|          2|
    |O_row_12_we0            |    9|          2|    1|          2|
    |O_row_12_we1            |    9|          2|    1|          2|
    |O_row_13_address0       |   14|          3|    2|          6|
    |O_row_13_ce0            |   14|          3|    1|          3|
    |O_row_13_ce1            |    9|          2|    1|          2|
    |O_row_13_we0            |    9|          2|    1|          2|
    |O_row_13_we1            |    9|          2|    1|          2|
    |O_row_14_address0       |   14|          3|    2|          6|
    |O_row_14_ce0            |   14|          3|    1|          3|
    |O_row_14_ce1            |    9|          2|    1|          2|
    |O_row_14_we0            |    9|          2|    1|          2|
    |O_row_14_we1            |    9|          2|    1|          2|
    |O_row_15_address0       |   14|          3|    2|          6|
    |O_row_15_ce0            |   14|          3|    1|          3|
    |O_row_15_ce1            |    9|          2|    1|          2|
    |O_row_15_we0            |    9|          2|    1|          2|
    |O_row_15_we1            |    9|          2|    1|          2|
    |O_row_1_address0        |   14|          3|    2|          6|
    |O_row_1_ce0             |   14|          3|    1|          3|
    |O_row_1_ce1             |    9|          2|    1|          2|
    |O_row_1_we0             |    9|          2|    1|          2|
    |O_row_1_we1             |    9|          2|    1|          2|
    |O_row_2_address0        |   14|          3|    2|          6|
    |O_row_2_ce0             |   14|          3|    1|          3|
    |O_row_2_ce1             |    9|          2|    1|          2|
    |O_row_2_we0             |    9|          2|    1|          2|
    |O_row_2_we1             |    9|          2|    1|          2|
    |O_row_3_address0        |   14|          3|    2|          6|
    |O_row_3_ce0             |   14|          3|    1|          3|
    |O_row_3_ce1             |    9|          2|    1|          2|
    |O_row_3_we0             |    9|          2|    1|          2|
    |O_row_3_we1             |    9|          2|    1|          2|
    |O_row_4_address0        |   14|          3|    2|          6|
    |O_row_4_ce0             |   14|          3|    1|          3|
    |O_row_4_ce1             |    9|          2|    1|          2|
    |O_row_4_we0             |    9|          2|    1|          2|
    |O_row_4_we1             |    9|          2|    1|          2|
    |O_row_5_address0        |   14|          3|    2|          6|
    |O_row_5_ce0             |   14|          3|    1|          3|
    |O_row_5_ce1             |    9|          2|    1|          2|
    |O_row_5_we0             |    9|          2|    1|          2|
    |O_row_5_we1             |    9|          2|    1|          2|
    |O_row_6_address0        |   14|          3|    2|          6|
    |O_row_6_ce0             |   14|          3|    1|          3|
    |O_row_6_ce1             |    9|          2|    1|          2|
    |O_row_6_we0             |    9|          2|    1|          2|
    |O_row_6_we1             |    9|          2|    1|          2|
    |O_row_7_address0        |   14|          3|    2|          6|
    |O_row_7_ce0             |   14|          3|    1|          3|
    |O_row_7_ce1             |    9|          2|    1|          2|
    |O_row_7_we0             |    9|          2|    1|          2|
    |O_row_7_we1             |    9|          2|    1|          2|
    |O_row_8_address0        |   14|          3|    2|          6|
    |O_row_8_ce0             |   14|          3|    1|          3|
    |O_row_8_ce1             |    9|          2|    1|          2|
    |O_row_8_we0             |    9|          2|    1|          2|
    |O_row_8_we1             |    9|          2|    1|          2|
    |O_row_9_address0        |   14|          3|    2|          6|
    |O_row_9_ce0             |   14|          3|    1|          3|
    |O_row_9_ce1             |    9|          2|    1|          2|
    |O_row_9_we0             |    9|          2|    1|          2|
    |O_row_9_we1             |    9|          2|    1|          2|
    |O_row_address0          |   14|          3|    2|          6|
    |O_row_ce0               |   14|          3|    1|          3|
    |O_row_ce1               |    9|          2|    1|          2|
    |O_row_we0               |    9|          2|    1|          2|
    |O_row_we1               |    9|          2|    1|          2|
    |ap_NS_fsm               |  121|         24|    1|         24|
    |gmem_k_0_ARVALID        |    9|          2|    1|          2|
    |gmem_k_0_RREADY         |    9|          2|    1|          2|
    |gmem_o_0_AWADDR         |   14|          3|   64|        192|
    |gmem_o_0_AWLEN          |   14|          3|   32|         96|
    |gmem_o_0_AWVALID        |   14|          3|    1|          3|
    |gmem_o_0_BREADY         |   14|          3|    1|          3|
    |gmem_o_0_WVALID         |    9|          2|    1|          2|
    |gmem_o_blk_n_AW         |    9|          2|    1|          2|
    |gmem_o_blk_n_B          |    9|          2|    1|          2|
    |gmem_q_0_ARADDR         |   14|          3|   64|        192|
    |gmem_q_0_ARLEN          |   14|          3|   32|         96|
    |gmem_q_0_ARVALID        |   14|          3|    1|          3|
    |gmem_q_0_RREADY         |    9|          2|    1|          2|
    |gmem_q_blk_n_AR         |    9|          2|    1|          2|
    |gmem_v_0_ARVALID        |    9|          2|    1|          2|
    |gmem_v_0_RREADY         |    9|          2|    1|          2|
    |h_fu_214                |    9|          2|    4|          8|
    |p_ZL5K_buf_0_address1   |   14|          3|   10|         30|
    |p_ZL5K_buf_0_ce0        |    9|          2|    1|          2|
    |p_ZL5K_buf_0_ce1        |   14|          3|    1|          3|
    |p_ZL5K_buf_0_we1        |    9|          2|    1|          2|
    |p_ZL5K_buf_10_address1  |   14|          3|   10|         30|
    |p_ZL5K_buf_10_ce0       |    9|          2|    1|          2|
    |p_ZL5K_buf_10_ce1       |   14|          3|    1|          3|
    |p_ZL5K_buf_10_we1       |    9|          2|    1|          2|
    |p_ZL5K_buf_11_address1  |   14|          3|   10|         30|
    |p_ZL5K_buf_11_ce0       |    9|          2|    1|          2|
    |p_ZL5K_buf_11_ce1       |   14|          3|    1|          3|
    |p_ZL5K_buf_11_we1       |    9|          2|    1|          2|
    |p_ZL5K_buf_12_address1  |   14|          3|   10|         30|
    |p_ZL5K_buf_12_ce0       |    9|          2|    1|          2|
    |p_ZL5K_buf_12_ce1       |   14|          3|    1|          3|
    |p_ZL5K_buf_12_we1       |    9|          2|    1|          2|
    |p_ZL5K_buf_13_address1  |   14|          3|   10|         30|
    |p_ZL5K_buf_13_ce0       |    9|          2|    1|          2|
    |p_ZL5K_buf_13_ce1       |   14|          3|    1|          3|
    |p_ZL5K_buf_13_we1       |    9|          2|    1|          2|
    |p_ZL5K_buf_14_address1  |   14|          3|   10|         30|
    |p_ZL5K_buf_14_ce0       |    9|          2|    1|          2|
    |p_ZL5K_buf_14_ce1       |   14|          3|    1|          3|
    |p_ZL5K_buf_14_we1       |    9|          2|    1|          2|
    |p_ZL5K_buf_15_address1  |   14|          3|   10|         30|
    |p_ZL5K_buf_15_ce0       |    9|          2|    1|          2|
    |p_ZL5K_buf_15_ce1       |   14|          3|    1|          3|
    |p_ZL5K_buf_15_we1       |    9|          2|    1|          2|
    |p_ZL5K_buf_1_address1   |   14|          3|   10|         30|
    |p_ZL5K_buf_1_ce0        |    9|          2|    1|          2|
    |p_ZL5K_buf_1_ce1        |   14|          3|    1|          3|
    |p_ZL5K_buf_1_we1        |    9|          2|    1|          2|
    |p_ZL5K_buf_2_address1   |   14|          3|   10|         30|
    |p_ZL5K_buf_2_ce0        |    9|          2|    1|          2|
    |p_ZL5K_buf_2_ce1        |   14|          3|    1|          3|
    |p_ZL5K_buf_2_we1        |    9|          2|    1|          2|
    |p_ZL5K_buf_3_address1   |   14|          3|   10|         30|
    |p_ZL5K_buf_3_ce0        |    9|          2|    1|          2|
    |p_ZL5K_buf_3_ce1        |   14|          3|    1|          3|
    |p_ZL5K_buf_3_we1        |    9|          2|    1|          2|
    |p_ZL5K_buf_4_address1   |   14|          3|   10|         30|
    |p_ZL5K_buf_4_ce0        |    9|          2|    1|          2|
    |p_ZL5K_buf_4_ce1        |   14|          3|    1|          3|
    |p_ZL5K_buf_4_we1        |    9|          2|    1|          2|
    |p_ZL5K_buf_5_address1   |   14|          3|   10|         30|
    |p_ZL5K_buf_5_ce0        |    9|          2|    1|          2|
    |p_ZL5K_buf_5_ce1        |   14|          3|    1|          3|
    |p_ZL5K_buf_5_we1        |    9|          2|    1|          2|
    |p_ZL5K_buf_6_address1   |   14|          3|   10|         30|
    |p_ZL5K_buf_6_ce0        |    9|          2|    1|          2|
    |p_ZL5K_buf_6_ce1        |   14|          3|    1|          3|
    |p_ZL5K_buf_6_we1        |    9|          2|    1|          2|
    |p_ZL5K_buf_7_address1   |   14|          3|   10|         30|
    |p_ZL5K_buf_7_ce0        |    9|          2|    1|          2|
    |p_ZL5K_buf_7_ce1        |   14|          3|    1|          3|
    |p_ZL5K_buf_7_we1        |    9|          2|    1|          2|
    |p_ZL5K_buf_8_address1   |   14|          3|   10|         30|
    |p_ZL5K_buf_8_ce0        |    9|          2|    1|          2|
    |p_ZL5K_buf_8_ce1        |   14|          3|    1|          3|
    |p_ZL5K_buf_8_we1        |    9|          2|    1|          2|
    |p_ZL5K_buf_9_address1   |   14|          3|   10|         30|
    |p_ZL5K_buf_9_ce0        |    9|          2|    1|          2|
    |p_ZL5K_buf_9_ce1        |   14|          3|    1|          3|
    |p_ZL5K_buf_9_we1        |    9|          2|    1|          2|
    |p_ZL5V_buf_0_address1   |   14|          3|   10|         30|
    |p_ZL5V_buf_0_ce0        |    9|          2|    1|          2|
    |p_ZL5V_buf_0_ce1        |   14|          3|    1|          3|
    |p_ZL5V_buf_0_we1        |    9|          2|    1|          2|
    |p_ZL5V_buf_10_address1  |   14|          3|   10|         30|
    |p_ZL5V_buf_10_ce0       |    9|          2|    1|          2|
    |p_ZL5V_buf_10_ce1       |   14|          3|    1|          3|
    |p_ZL5V_buf_10_we1       |    9|          2|    1|          2|
    |p_ZL5V_buf_11_address1  |   14|          3|   10|         30|
    |p_ZL5V_buf_11_ce0       |    9|          2|    1|          2|
    |p_ZL5V_buf_11_ce1       |   14|          3|    1|          3|
    |p_ZL5V_buf_11_we1       |    9|          2|    1|          2|
    |p_ZL5V_buf_12_address1  |   14|          3|   10|         30|
    |p_ZL5V_buf_12_ce0       |    9|          2|    1|          2|
    |p_ZL5V_buf_12_ce1       |   14|          3|    1|          3|
    |p_ZL5V_buf_12_we1       |    9|          2|    1|          2|
    |p_ZL5V_buf_13_address1  |   14|          3|   10|         30|
    |p_ZL5V_buf_13_ce0       |    9|          2|    1|          2|
    |p_ZL5V_buf_13_ce1       |   14|          3|    1|          3|
    |p_ZL5V_buf_13_we1       |    9|          2|    1|          2|
    |p_ZL5V_buf_14_address1  |   14|          3|   10|         30|
    |p_ZL5V_buf_14_ce0       |    9|          2|    1|          2|
    |p_ZL5V_buf_14_ce1       |   14|          3|    1|          3|
    |p_ZL5V_buf_14_we1       |    9|          2|    1|          2|
    |p_ZL5V_buf_15_address1  |   14|          3|   10|         30|
    |p_ZL5V_buf_15_ce0       |    9|          2|    1|          2|
    |p_ZL5V_buf_15_ce1       |   14|          3|    1|          3|
    |p_ZL5V_buf_15_we1       |    9|          2|    1|          2|
    |p_ZL5V_buf_1_address1   |   14|          3|   10|         30|
    |p_ZL5V_buf_1_ce0        |    9|          2|    1|          2|
    |p_ZL5V_buf_1_ce1        |   14|          3|    1|          3|
    |p_ZL5V_buf_1_we1        |    9|          2|    1|          2|
    |p_ZL5V_buf_2_address1   |   14|          3|   10|         30|
    |p_ZL5V_buf_2_ce0        |    9|          2|    1|          2|
    |p_ZL5V_buf_2_ce1        |   14|          3|    1|          3|
    |p_ZL5V_buf_2_we1        |    9|          2|    1|          2|
    |p_ZL5V_buf_3_address1   |   14|          3|   10|         30|
    |p_ZL5V_buf_3_ce0        |    9|          2|    1|          2|
    |p_ZL5V_buf_3_ce1        |   14|          3|    1|          3|
    |p_ZL5V_buf_3_we1        |    9|          2|    1|          2|
    |p_ZL5V_buf_4_address1   |   14|          3|   10|         30|
    |p_ZL5V_buf_4_ce0        |    9|          2|    1|          2|
    |p_ZL5V_buf_4_ce1        |   14|          3|    1|          3|
    |p_ZL5V_buf_4_we1        |    9|          2|    1|          2|
    |p_ZL5V_buf_5_address1   |   14|          3|   10|         30|
    |p_ZL5V_buf_5_ce0        |    9|          2|    1|          2|
    |p_ZL5V_buf_5_ce1        |   14|          3|    1|          3|
    |p_ZL5V_buf_5_we1        |    9|          2|    1|          2|
    |p_ZL5V_buf_6_address1   |   14|          3|   10|         30|
    |p_ZL5V_buf_6_ce0        |    9|          2|    1|          2|
    |p_ZL5V_buf_6_ce1        |   14|          3|    1|          3|
    |p_ZL5V_buf_6_we1        |    9|          2|    1|          2|
    |p_ZL5V_buf_7_address1   |   14|          3|   10|         30|
    |p_ZL5V_buf_7_ce0        |    9|          2|    1|          2|
    |p_ZL5V_buf_7_ce1        |   14|          3|    1|          3|
    |p_ZL5V_buf_7_we1        |    9|          2|    1|          2|
    |p_ZL5V_buf_8_address1   |   14|          3|   10|         30|
    |p_ZL5V_buf_8_ce0        |    9|          2|    1|          2|
    |p_ZL5V_buf_8_ce1        |   14|          3|    1|          3|
    |p_ZL5V_buf_8_we1        |    9|          2|    1|          2|
    |p_ZL5V_buf_9_address1   |   14|          3|   10|         30|
    |p_ZL5V_buf_9_ce0        |    9|          2|    1|          2|
    |p_ZL5V_buf_9_ce1        |   14|          3|    1|          3|
    |p_ZL5V_buf_9_we1        |    9|          2|    1|          2|
    |r_reg_843               |    9|          2|    8|         16|
    +------------------------+-----+-----------+-----+-----------+
    |Total                   | 2670|        579|  729|       2075|
    +------------------------+-----+-----------+-----+-----------+

    * Register: 
    +-------------------------------------------------------------------+----+----+-----+-----------+
    |                                Name                               | FF | LUT| Bits| Const Bits|
    +-------------------------------------------------------------------+----+----+-----+-----------+
    |K_read_reg_2627                                                    |  64|   0|   64|          0|
    |O_read_reg_2617                                                    |  64|   0|   64|          0|
    |Q_read_reg_2632                                                    |  64|   0|   64|          0|
    |V_read_reg_2622                                                    |  64|   0|   64|          0|
    |add_ln84_reg_3024                                                  |   4|   0|    4|          0|
    |add_ln99_reg_3043                                                  |   8|   0|    8|          0|
    |ap_CS_fsm                                                          |  23|   0|   23|          0|
    |grp_mhsa_top_Pipeline_load_kv_VITIS_LOOP_91_1_fu_854_ap_start_reg  |   1|   0|    1|          0|
    |grp_mhsa_top_Pipeline_load_q_fu_929_ap_start_reg                   |   1|   0|    1|          0|
    |grp_mhsa_top_Pipeline_store_o_fu_1213_ap_start_reg                 |   1|   0|    1|          0|
    |grp_online_attention_row_fu_1064_ap_start_reg                      |   1|   0|    1|          0|
    |h_fu_214                                                           |   4|   0|    4|          0|
    |p_lcssa100_lcssa292_fu_282                                         |  16|   0|   16|          0|
    |p_lcssa101_lcssa293_fu_286                                         |  16|   0|   16|          0|
    |p_lcssa102_lcssa294_fu_290                                         |  16|   0|   16|          0|
    |p_lcssa103_lcssa295_fu_294                                         |  16|   0|   16|          0|
    |p_lcssa104_lcssa296_fu_298                                         |  16|   0|   16|          0|
    |p_lcssa105_lcssa297_fu_302                                         |  16|   0|   16|          0|
    |p_lcssa106_lcssa298_fu_306                                         |  16|   0|   16|          0|
    |p_lcssa107_lcssa299_fu_310                                         |  16|   0|   16|          0|
    |p_lcssa108_lcssa300_fu_314                                         |  16|   0|   16|          0|
    |p_lcssa109_lcssa301_fu_318                                         |  16|   0|   16|          0|
    |p_lcssa110_lcssa302_fu_322                                         |  16|   0|   16|          0|
    |p_lcssa111_lcssa303_fu_326                                         |  16|   0|   16|          0|
    |p_lcssa112_lcssa304_fu_330                                         |  16|   0|   16|          0|
    |p_lcssa113_lcssa305_fu_334                                         |  16|   0|   16|          0|
    |p_lcssa114_lcssa306_fu_338                                         |  16|   0|   16|          0|
    |p_lcssa115_lcssa307_fu_342                                         |  16|   0|   16|          0|
    |p_lcssa116_lcssa308_fu_346                                         |  16|   0|   16|          0|
    |p_lcssa117_lcssa309_fu_350                                         |  16|   0|   16|          0|
    |p_lcssa118_lcssa310_fu_354                                         |  16|   0|   16|          0|
    |p_lcssa119_lcssa311_fu_358                                         |  16|   0|   16|          0|
    |p_lcssa120_lcssa312_fu_362                                         |  16|   0|   16|          0|
    |p_lcssa121_lcssa313_fu_366                                         |  16|   0|   16|          0|
    |p_lcssa122_lcssa314_fu_370                                         |  16|   0|   16|          0|
    |p_lcssa123_lcssa315_fu_374                                         |  16|   0|   16|          0|
    |p_lcssa124_lcssa316_fu_378                                         |  16|   0|   16|          0|
    |p_lcssa125_lcssa317_fu_382                                         |  16|   0|   16|          0|
    |p_lcssa126_lcssa318_fu_386                                         |  16|   0|   16|          0|
    |p_lcssa127_lcssa319_fu_390                                         |  16|   0|   16|          0|
    |p_lcssa128_lcssa320_fu_394                                         |  16|   0|   16|          0|
    |p_lcssa129_lcssa321_fu_398                                         |  16|   0|   16|          0|
    |p_lcssa130_lcssa322_fu_402                                         |  16|   0|   16|          0|
    |p_lcssa131_lcssa323_fu_406                                         |  16|   0|   16|          0|
    |p_lcssa132_lcssa324_fu_410                                         |  16|   0|   16|          0|
    |p_lcssa133_lcssa325_fu_414                                         |  16|   0|   16|          0|
    |p_lcssa134_lcssa326_fu_418                                         |  16|   0|   16|          0|
    |p_lcssa135_lcssa327_fu_422                                         |  16|   0|   16|          0|
    |p_lcssa136_lcssa328_fu_426                                         |  16|   0|   16|          0|
    |p_lcssa137_lcssa329_fu_430                                         |  16|   0|   16|          0|
    |p_lcssa138_lcssa330_fu_434                                         |  16|   0|   16|          0|
    |p_lcssa139_lcssa331_fu_438                                         |  16|   0|   16|          0|
    |p_lcssa140_lcssa332_fu_442                                         |  16|   0|   16|          0|
    |p_lcssa141_lcssa333_fu_446                                         |  16|   0|   16|          0|
    |p_lcssa142_lcssa334_fu_450                                         |  16|   0|   16|          0|
    |p_lcssa143_lcssa335_fu_454                                         |  16|   0|   16|          0|
    |p_lcssa144_lcssa336_fu_458                                         |  16|   0|   16|          0|
    |p_lcssa145_lcssa337_fu_462                                         |  16|   0|   16|          0|
    |p_lcssa146_lcssa338_fu_466                                         |  16|   0|   16|          0|
    |p_lcssa147_lcssa339_fu_470                                         |  16|   0|   16|          0|
    |p_lcssa85_lcssa277_fu_222                                          |  16|   0|   16|          0|
    |p_lcssa86_lcssa278_fu_226                                          |  16|   0|   16|          0|
    |p_lcssa87_lcssa279_fu_230                                          |  16|   0|   16|          0|
    |p_lcssa88_lcssa280_fu_234                                          |  16|   0|   16|          0|
    |p_lcssa89_lcssa281_fu_238                                          |  16|   0|   16|          0|
    |p_lcssa90_lcssa282_fu_242                                          |  16|   0|   16|          0|
    |p_lcssa91_lcssa283_fu_246                                          |  16|   0|   16|          0|
    |p_lcssa92_lcssa284_fu_250                                          |  16|   0|   16|          0|
    |p_lcssa93_lcssa285_fu_254                                          |  16|   0|   16|          0|
    |p_lcssa94_lcssa286_fu_258                                          |  16|   0|   16|          0|
    |p_lcssa95_lcssa287_fu_262                                          |  16|   0|   16|          0|
    |p_lcssa96_lcssa288_fu_266                                          |  16|   0|   16|          0|
    |p_lcssa97_lcssa289_fu_270                                          |  16|   0|   16|          0|
    |p_lcssa98_lcssa290_fu_274                                          |  16|   0|   16|          0|
    |p_lcssa99_lcssa291_fu_278                                          |  16|   0|   16|          0|
    |p_lcssa_lcssa276_fu_218                                            |  16|   0|   16|          0|
    |r_reg_843                                                          |   8|   0|    8|          0|
    |scale_read_reg_2612                                                |  24|   0|   24|          0|
    |shl_ln_reg_3029                                                    |   4|   0|   10|          6|
    |trunc_ln8_reg_3048                                                 |  63|   0|   63|          0|
    |trunc_ln9_reg_3054                                                 |  62|   0|   62|          0|
    |zext_ln90_reg_3035                                                 |   4|   0|   18|         14|
    +-------------------------------------------------------------------+----+----+-----+-----------+
    |Total                                                              |1488|   0| 1508|         20|
    +-------------------------------------------------------------------+----+----+-----+-----------+



================================================================
== Interface
================================================================
* Summary: 
+-----------------------+-----+-----+------------+--------------+--------------+
|       RTL Ports       | Dir | Bits|  Protocol  | Source Object|    C Type    |
+-----------------------+-----+-----+------------+--------------+--------------+
|s_axi_control_AWVALID  |   in|    1|       s_axi|       control|        scalar|
|s_axi_control_AWREADY  |  out|    1|       s_axi|       control|        scalar|
|s_axi_control_AWADDR   |   in|    7|       s_axi|       control|        scalar|
|s_axi_control_WVALID   |   in|    1|       s_axi|       control|        scalar|
|s_axi_control_WREADY   |  out|    1|       s_axi|       control|        scalar|
|s_axi_control_WDATA    |   in|   32|       s_axi|       control|        scalar|
|s_axi_control_WSTRB    |   in|    4|       s_axi|       control|        scalar|
|s_axi_control_ARVALID  |   in|    1|       s_axi|       control|        scalar|
|s_axi_control_ARREADY  |  out|    1|       s_axi|       control|        scalar|
|s_axi_control_ARADDR   |   in|    7|       s_axi|       control|        scalar|
|s_axi_control_RVALID   |  out|    1|       s_axi|       control|        scalar|
|s_axi_control_RREADY   |   in|    1|       s_axi|       control|        scalar|
|s_axi_control_RDATA    |  out|   32|       s_axi|       control|        scalar|
|s_axi_control_RRESP    |  out|    2|       s_axi|       control|        scalar|
|s_axi_control_BVALID   |  out|    1|       s_axi|       control|        scalar|
|s_axi_control_BREADY   |   in|    1|       s_axi|       control|        scalar|
|s_axi_control_BRESP    |  out|    2|       s_axi|       control|        scalar|
|ap_clk                 |   in|    1|  ap_ctrl_hs|      mhsa_top|  return value|
|ap_rst_n               |   in|    1|  ap_ctrl_hs|      mhsa_top|  return value|
|interrupt              |  out|    1|  ap_ctrl_hs|      mhsa_top|  return value|
|m_axi_gmem_q_AWVALID   |  out|    1|       m_axi|        gmem_q|       pointer|
|m_axi_gmem_q_AWREADY   |   in|    1|       m_axi|        gmem_q|       pointer|
|m_axi_gmem_q_AWADDR    |  out|   64|       m_axi|        gmem_q|       pointer|
|m_axi_gmem_q_AWID      |  out|    1|       m_axi|        gmem_q|       pointer|
|m_axi_gmem_q_AWLEN     |  out|    8|       m_axi|        gmem_q|       pointer|
|m_axi_gmem_q_AWSIZE    |  out|    3|       m_axi|        gmem_q|       pointer|
|m_axi_gmem_q_AWBURST   |  out|    2|       m_axi|        gmem_q|       pointer|
|m_axi_gmem_q_AWLOCK    |  out|    2|       m_axi|        gmem_q|       pointer|
|m_axi_gmem_q_AWCACHE   |  out|    4|       m_axi|        gmem_q|       pointer|
|m_axi_gmem_q_AWPROT    |  out|    3|       m_axi|        gmem_q|       pointer|
|m_axi_gmem_q_AWQOS     |  out|    4|       m_axi|        gmem_q|       pointer|
|m_axi_gmem_q_AWREGION  |  out|    4|       m_axi|        gmem_q|       pointer|
|m_axi_gmem_q_AWUSER    |  out|    1|       m_axi|        gmem_q|       pointer|
|m_axi_gmem_q_WVALID    |  out|    1|       m_axi|        gmem_q|       pointer|
|m_axi_gmem_q_WREADY    |   in|    1|       m_axi|        gmem_q|       pointer|
|m_axi_gmem_q_WDATA     |  out|   32|       m_axi|        gmem_q|       pointer|
|m_axi_gmem_q_WSTRB     |  out|    4|       m_axi|        gmem_q|       pointer|
|m_axi_gmem_q_WLAST     |  out|    1|       m_axi|        gmem_q|       pointer|
|m_axi_gmem_q_WID       |  out|    1|       m_axi|        gmem_q|       pointer|
|m_axi_gmem_q_WUSER     |  out|    1|       m_axi|        gmem_q|       pointer|
|m_axi_gmem_q_ARVALID   |  out|    1|       m_axi|        gmem_q|       pointer|
|m_axi_gmem_q_ARREADY   |   in|    1|       m_axi|        gmem_q|       pointer|
|m_axi_gmem_q_ARADDR    |  out|   64|       m_axi|        gmem_q|       pointer|
|m_axi_gmem_q_ARID      |  out|    1|       m_axi|        gmem_q|       pointer|
|m_axi_gmem_q_ARLEN     |  out|    8|       m_axi|        gmem_q|       pointer|
|m_axi_gmem_q_ARSIZE    |  out|    3|       m_axi|        gmem_q|       pointer|
|m_axi_gmem_q_ARBURST   |  out|    2|       m_axi|        gmem_q|       pointer|
|m_axi_gmem_q_ARLOCK    |  out|    2|       m_axi|        gmem_q|       pointer|
|m_axi_gmem_q_ARCACHE   |  out|    4|       m_axi|        gmem_q|       pointer|
|m_axi_gmem_q_ARPROT    |  out|    3|       m_axi|        gmem_q|       pointer|
|m_axi_gmem_q_ARQOS     |  out|    4|       m_axi|        gmem_q|       pointer|
|m_axi_gmem_q_ARREGION  |  out|    4|       m_axi|        gmem_q|       pointer|
|m_axi_gmem_q_ARUSER    |  out|    1|       m_axi|        gmem_q|       pointer|
|m_axi_gmem_q_RVALID    |   in|    1|       m_axi|        gmem_q|       pointer|
|m_axi_gmem_q_RREADY    |  out|    1|       m_axi|        gmem_q|       pointer|
|m_axi_gmem_q_RDATA     |   in|   32|       m_axi|        gmem_q|       pointer|
|m_axi_gmem_q_RLAST     |   in|    1|       m_axi|        gmem_q|       pointer|
|m_axi_gmem_q_RID       |   in|    1|       m_axi|        gmem_q|       pointer|
|m_axi_gmem_q_RUSER     |   in|    1|       m_axi|        gmem_q|       pointer|
|m_axi_gmem_q_RRESP     |   in|    2|       m_axi|        gmem_q|       pointer|
|m_axi_gmem_q_BVALID    |   in|    1|       m_axi|        gmem_q|       pointer|
|m_axi_gmem_q_BREADY    |  out|    1|       m_axi|        gmem_q|       pointer|
|m_axi_gmem_q_BRESP     |   in|    2|       m_axi|        gmem_q|       pointer|
|m_axi_gmem_q_BID       |   in|    1|       m_axi|        gmem_q|       pointer|
|m_axi_gmem_q_BUSER     |   in|    1|       m_axi|        gmem_q|       pointer|
|m_axi_gmem_k_AWVALID   |  out|    1|       m_axi|        gmem_k|       pointer|
|m_axi_gmem_k_AWREADY   |   in|    1|       m_axi|        gmem_k|       pointer|
|m_axi_gmem_k_AWADDR    |  out|   64|       m_axi|        gmem_k|       pointer|
|m_axi_gmem_k_AWID      |  out|    1|       m_axi|        gmem_k|       pointer|
|m_axi_gmem_k_AWLEN     |  out|    8|       m_axi|        gmem_k|       pointer|
|m_axi_gmem_k_AWSIZE    |  out|    3|       m_axi|        gmem_k|       pointer|
|m_axi_gmem_k_AWBURST   |  out|    2|       m_axi|        gmem_k|       pointer|
|m_axi_gmem_k_AWLOCK    |  out|    2|       m_axi|        gmem_k|       pointer|
|m_axi_gmem_k_AWCACHE   |  out|    4|       m_axi|        gmem_k|       pointer|
|m_axi_gmem_k_AWPROT    |  out|    3|       m_axi|        gmem_k|       pointer|
|m_axi_gmem_k_AWQOS     |  out|    4|       m_axi|        gmem_k|       pointer|
|m_axi_gmem_k_AWREGION  |  out|    4|       m_axi|        gmem_k|       pointer|
|m_axi_gmem_k_AWUSER    |  out|    1|       m_axi|        gmem_k|       pointer|
|m_axi_gmem_k_WVALID    |  out|    1|       m_axi|        gmem_k|       pointer|
|m_axi_gmem_k_WREADY    |   in|    1|       m_axi|        gmem_k|       pointer|
|m_axi_gmem_k_WDATA     |  out|   32|       m_axi|        gmem_k|       pointer|
|m_axi_gmem_k_WSTRB     |  out|    4|       m_axi|        gmem_k|       pointer|
|m_axi_gmem_k_WLAST     |  out|    1|       m_axi|        gmem_k|       pointer|
|m_axi_gmem_k_WID       |  out|    1|       m_axi|        gmem_k|       pointer|
|m_axi_gmem_k_WUSER     |  out|    1|       m_axi|        gmem_k|       pointer|
|m_axi_gmem_k_ARVALID   |  out|    1|       m_axi|        gmem_k|       pointer|
|m_axi_gmem_k_ARREADY   |   in|    1|       m_axi|        gmem_k|       pointer|
|m_axi_gmem_k_ARADDR    |  out|   64|       m_axi|        gmem_k|       pointer|
|m_axi_gmem_k_ARID      |  out|    1|       m_axi|        gmem_k|       pointer|
|m_axi_gmem_k_ARLEN     |  out|    8|       m_axi|        gmem_k|       pointer|
|m_axi_gmem_k_ARSIZE    |  out|    3|       m_axi|        gmem_k|       pointer|
|m_axi_gmem_k_ARBURST   |  out|    2|       m_axi|        gmem_k|       pointer|
|m_axi_gmem_k_ARLOCK    |  out|    2|       m_axi|        gmem_k|       pointer|
|m_axi_gmem_k_ARCACHE   |  out|    4|       m_axi|        gmem_k|       pointer|
|m_axi_gmem_k_ARPROT    |  out|    3|       m_axi|        gmem_k|       pointer|
|m_axi_gmem_k_ARQOS     |  out|    4|       m_axi|        gmem_k|       pointer|
|m_axi_gmem_k_ARREGION  |  out|    4|       m_axi|        gmem_k|       pointer|
|m_axi_gmem_k_ARUSER    |  out|    1|       m_axi|        gmem_k|       pointer|
|m_axi_gmem_k_RVALID    |   in|    1|       m_axi|        gmem_k|       pointer|
|m_axi_gmem_k_RREADY    |  out|    1|       m_axi|        gmem_k|       pointer|
|m_axi_gmem_k_RDATA     |   in|   32|       m_axi|        gmem_k|       pointer|
|m_axi_gmem_k_RLAST     |   in|    1|       m_axi|        gmem_k|       pointer|
|m_axi_gmem_k_RID       |   in|    1|       m_axi|        gmem_k|       pointer|
|m_axi_gmem_k_RUSER     |   in|    1|       m_axi|        gmem_k|       pointer|
|m_axi_gmem_k_RRESP     |   in|    2|       m_axi|        gmem_k|       pointer|
|m_axi_gmem_k_BVALID    |   in|    1|       m_axi|        gmem_k|       pointer|
|m_axi_gmem_k_BREADY    |  out|    1|       m_axi|        gmem_k|       pointer|
|m_axi_gmem_k_BRESP     |   in|    2|       m_axi|        gmem_k|       pointer|
|m_axi_gmem_k_BID       |   in|    1|       m_axi|        gmem_k|       pointer|
|m_axi_gmem_k_BUSER     |   in|    1|       m_axi|        gmem_k|       pointer|
|m_axi_gmem_v_AWVALID   |  out|    1|       m_axi|        gmem_v|       pointer|
|m_axi_gmem_v_AWREADY   |   in|    1|       m_axi|        gmem_v|       pointer|
|m_axi_gmem_v_AWADDR    |  out|   64|       m_axi|        gmem_v|       pointer|
|m_axi_gmem_v_AWID      |  out|    1|       m_axi|        gmem_v|       pointer|
|m_axi_gmem_v_AWLEN     |  out|    8|       m_axi|        gmem_v|       pointer|
|m_axi_gmem_v_AWSIZE    |  out|    3|       m_axi|        gmem_v|       pointer|
|m_axi_gmem_v_AWBURST   |  out|    2|       m_axi|        gmem_v|       pointer|
|m_axi_gmem_v_AWLOCK    |  out|    2|       m_axi|        gmem_v|       pointer|
|m_axi_gmem_v_AWCACHE   |  out|    4|       m_axi|        gmem_v|       pointer|
|m_axi_gmem_v_AWPROT    |  out|    3|       m_axi|        gmem_v|       pointer|
|m_axi_gmem_v_AWQOS     |  out|    4|       m_axi|        gmem_v|       pointer|
|m_axi_gmem_v_AWREGION  |  out|    4|       m_axi|        gmem_v|       pointer|
|m_axi_gmem_v_AWUSER    |  out|    1|       m_axi|        gmem_v|       pointer|
|m_axi_gmem_v_WVALID    |  out|    1|       m_axi|        gmem_v|       pointer|
|m_axi_gmem_v_WREADY    |   in|    1|       m_axi|        gmem_v|       pointer|
|m_axi_gmem_v_WDATA     |  out|   32|       m_axi|        gmem_v|       pointer|
|m_axi_gmem_v_WSTRB     |  out|    4|       m_axi|        gmem_v|       pointer|
|m_axi_gmem_v_WLAST     |  out|    1|       m_axi|        gmem_v|       pointer|
|m_axi_gmem_v_WID       |  out|    1|       m_axi|        gmem_v|       pointer|
|m_axi_gmem_v_WUSER     |  out|    1|       m_axi|        gmem_v|       pointer|
|m_axi_gmem_v_ARVALID   |  out|    1|       m_axi|        gmem_v|       pointer|
|m_axi_gmem_v_ARREADY   |   in|    1|       m_axi|        gmem_v|       pointer|
|m_axi_gmem_v_ARADDR    |  out|   64|       m_axi|        gmem_v|       pointer|
|m_axi_gmem_v_ARID      |  out|    1|       m_axi|        gmem_v|       pointer|
|m_axi_gmem_v_ARLEN     |  out|    8|       m_axi|        gmem_v|       pointer|
|m_axi_gmem_v_ARSIZE    |  out|    3|       m_axi|        gmem_v|       pointer|
|m_axi_gmem_v_ARBURST   |  out|    2|       m_axi|        gmem_v|       pointer|
|m_axi_gmem_v_ARLOCK    |  out|    2|       m_axi|        gmem_v|       pointer|
|m_axi_gmem_v_ARCACHE   |  out|    4|       m_axi|        gmem_v|       pointer|
|m_axi_gmem_v_ARPROT    |  out|    3|       m_axi|        gmem_v|       pointer|
|m_axi_gmem_v_ARQOS     |  out|    4|       m_axi|        gmem_v|       pointer|
|m_axi_gmem_v_ARREGION  |  out|    4|       m_axi|        gmem_v|       pointer|
|m_axi_gmem_v_ARUSER    |  out|    1|       m_axi|        gmem_v|       pointer|
|m_axi_gmem_v_RVALID    |   in|    1|       m_axi|        gmem_v|       pointer|
|m_axi_gmem_v_RREADY    |  out|    1|       m_axi|        gmem_v|       pointer|
|m_axi_gmem_v_RDATA     |   in|   32|       m_axi|        gmem_v|       pointer|
|m_axi_gmem_v_RLAST     |   in|    1|       m_axi|        gmem_v|       pointer|
|m_axi_gmem_v_RID       |   in|    1|       m_axi|        gmem_v|       pointer|
|m_axi_gmem_v_RUSER     |   in|    1|       m_axi|        gmem_v|       pointer|
|m_axi_gmem_v_RRESP     |   in|    2|       m_axi|        gmem_v|       pointer|
|m_axi_gmem_v_BVALID    |   in|    1|       m_axi|        gmem_v|       pointer|
|m_axi_gmem_v_BREADY    |  out|    1|       m_axi|        gmem_v|       pointer|
|m_axi_gmem_v_BRESP     |   in|    2|       m_axi|        gmem_v|       pointer|
|m_axi_gmem_v_BID       |   in|    1|       m_axi|        gmem_v|       pointer|
|m_axi_gmem_v_BUSER     |   in|    1|       m_axi|        gmem_v|       pointer|
|m_axi_gmem_o_AWVALID   |  out|    1|       m_axi|        gmem_o|       pointer|
|m_axi_gmem_o_AWREADY   |   in|    1|       m_axi|        gmem_o|       pointer|
|m_axi_gmem_o_AWADDR    |  out|   64|       m_axi|        gmem_o|       pointer|
|m_axi_gmem_o_AWID      |  out|    1|       m_axi|        gmem_o|       pointer|
|m_axi_gmem_o_AWLEN     |  out|    8|       m_axi|        gmem_o|       pointer|
|m_axi_gmem_o_AWSIZE    |  out|    3|       m_axi|        gmem_o|       pointer|
|m_axi_gmem_o_AWBURST   |  out|    2|       m_axi|        gmem_o|       pointer|
|m_axi_gmem_o_AWLOCK    |  out|    2|       m_axi|        gmem_o|       pointer|
|m_axi_gmem_o_AWCACHE   |  out|    4|       m_axi|        gmem_o|       pointer|
|m_axi_gmem_o_AWPROT    |  out|    3|       m_axi|        gmem_o|       pointer|
|m_axi_gmem_o_AWQOS     |  out|    4|       m_axi|        gmem_o|       pointer|
|m_axi_gmem_o_AWREGION  |  out|    4|       m_axi|        gmem_o|       pointer|
|m_axi_gmem_o_AWUSER    |  out|    1|       m_axi|        gmem_o|       pointer|
|m_axi_gmem_o_WVALID    |  out|    1|       m_axi|        gmem_o|       pointer|
|m_axi_gmem_o_WREADY    |   in|    1|       m_axi|        gmem_o|       pointer|
|m_axi_gmem_o_WDATA     |  out|   32|       m_axi|        gmem_o|       pointer|
|m_axi_gmem_o_WSTRB     |  out|    4|       m_axi|        gmem_o|       pointer|
|m_axi_gmem_o_WLAST     |  out|    1|       m_axi|        gmem_o|       pointer|
|m_axi_gmem_o_WID       |  out|    1|       m_axi|        gmem_o|       pointer|
|m_axi_gmem_o_WUSER     |  out|    1|       m_axi|        gmem_o|       pointer|
|m_axi_gmem_o_ARVALID   |  out|    1|       m_axi|        gmem_o|       pointer|
|m_axi_gmem_o_ARREADY   |   in|    1|       m_axi|        gmem_o|       pointer|
|m_axi_gmem_o_ARADDR    |  out|   64|       m_axi|        gmem_o|       pointer|
|m_axi_gmem_o_ARID      |  out|    1|       m_axi|        gmem_o|       pointer|
|m_axi_gmem_o_ARLEN     |  out|    8|       m_axi|        gmem_o|       pointer|
|m_axi_gmem_o_ARSIZE    |  out|    3|       m_axi|        gmem_o|       pointer|
|m_axi_gmem_o_ARBURST   |  out|    2|       m_axi|        gmem_o|       pointer|
|m_axi_gmem_o_ARLOCK    |  out|    2|       m_axi|        gmem_o|       pointer|
|m_axi_gmem_o_ARCACHE   |  out|    4|       m_axi|        gmem_o|       pointer|
|m_axi_gmem_o_ARPROT    |  out|    3|       m_axi|        gmem_o|       pointer|
|m_axi_gmem_o_ARQOS     |  out|    4|       m_axi|        gmem_o|       pointer|
|m_axi_gmem_o_ARREGION  |  out|    4|       m_axi|        gmem_o|       pointer|
|m_axi_gmem_o_ARUSER    |  out|    1|       m_axi|        gmem_o|       pointer|
|m_axi_gmem_o_RVALID    |   in|    1|       m_axi|        gmem_o|       pointer|
|m_axi_gmem_o_RREADY    |  out|    1|       m_axi|        gmem_o|       pointer|
|m_axi_gmem_o_RDATA     |   in|   32|       m_axi|        gmem_o|       pointer|
|m_axi_gmem_o_RLAST     |   in|    1|       m_axi|        gmem_o|       pointer|
|m_axi_gmem_o_RID       |   in|    1|       m_axi|        gmem_o|       pointer|
|m_axi_gmem_o_RUSER     |   in|    1|       m_axi|        gmem_o|       pointer|
|m_axi_gmem_o_RRESP     |   in|    2|       m_axi|        gmem_o|       pointer|
|m_axi_gmem_o_BVALID    |   in|    1|       m_axi|        gmem_o|       pointer|
|m_axi_gmem_o_BREADY    |  out|    1|       m_axi|        gmem_o|       pointer|
|m_axi_gmem_o_BRESP     |   in|    2|       m_axi|        gmem_o|       pointer|
|m_axi_gmem_o_BID       |   in|    1|       m_axi|        gmem_o|       pointer|
|m_axi_gmem_o_BUSER     |   in|    1|       m_axi|        gmem_o|       pointer|
+-----------------------+-----+-----+------------+--------------+--------------+

